[www.conet.de/DE/karriere.html]
[backblue.gif]
[fade.gif]
[index.html]
[www.conet.de/C1257822003AD11B/RepositoryStyle/CDE_Style_2020/$FILE/preload.minaf80.css]
[www.conet.de/C1257822003AD11B/RepositoryStyle/CDE_Style_2020/$FILE/bundle.minaf80.css]
[www.conet.de/C1257822003AD11B/RepositoryStyle/CDE_Style_2020/$FILE/font.minaf80.css]
[www.conet.de/C1257822003AD11B/RepositoryStyle/CDE_Style_2020/$FILE/jquery.minaf80.js]
[www.conet.de/C1257822003AD11B/RepositoryStyle/CDE_Style_2020/$FILE/preload.minaf80.js]
[www.conet.de/C1257822003AD11B/RepositoryStyle/CDE_Style_2020/$FILE/bundle.minaf80.js]
[www.conet.de/DE/conet/kontakt/kontaktformular.html]
[www.conet.de/DE/conet/newsletter.html]
[www.conet.de/DE/CONET/Impressum.html]
[www.conet.de/DE/group/conet.html]
[www.conet.de/DE/conet.html]
[www.conet.de/C1257822003AD11B/RepositoryFile/css-karriere/$File/Icon-PDF.png]
[www.conet.de/DE/CONET/Kontakt]
[www.conet.de/DE/CONET/Datenschutz.html]
[www.conet.de/DE/CONET/Newsletter-2.html]
[www.conet.de/DE/Karriere-2.html]
[www.conet.de/DE/Karriere/CONET-ist-ausgezeichnet.html]
[www.conet.de/DE/karriere/conet-ist-ausgezeichnet/top-consultant.html]
[www.conet.de/DE/karriere/conet-ist-ausgezeichnet/top-job-top-arbeitgeber.html]
[www.conet.de/DE/karriere/conet-ist-ausgezeichnet/systemhaus-des-jahres-2018.html]
[www.conet.de/DE/karriere/conet-ist-ausgezeichnet/nextstep.html]
[www.conet.de/DE/karriere/conet-ist-ausgezeichnet/zdi-netzwerk-mint.html]
[www.conet.de/DE/conet/presse/2018/conet-gruendungsmitglied-cyber-security-cluster-bonn.html]
[www.conet.de/DE/conet/presse/2018/conet-unternehmen-nach-iso-9001-2015-rezertifiziert.html]
[www.conet.de/DE/CONET/Sitemap.html]
[www.conet.de/DE/CONET/Presse]
[www.conet.de/DE/karriere.html]
[www.conet.de/C1257822003AD11B/RepositoryFile/cde_img/$FILE/arrow-right.png]
[www.conet.de/DE/CONET/AGB.html]
[www.conet.de/C1257822003AD11B/RepositoryFile/cde_img/$FILE/arrow-down.png]
[www.conet.de/C1257822003AD11B/RepositoryStyle/CDE_Style_2020/$FILE/preload.minaf80.css]
[www.conet.de/C1257822003AD11B/RepositoryFile/cde_img/$FILE/box-arrow-right.gif]
[www.conet.de/C1257822003AD11B/RepositoryStyle/CDE_Style_2020/$FILE/bundle.minaf80.css]
[www.conet.de/C1257822003AD11B/RepositoryStyle/CDE_Style_2020/$FILE/font.minaf80.css]
[www.conet.de/C1257822003AD11B/RepositoryStyle/CDE_Style_2020/$FILE/jquery.minaf80.js]
[www.conet.de/C1257822003AD11B/RepositoryStyle/CDE_Style_2020/$FILE/preload.minaf80.js]
[www.conet.de/DE/popper.html]
[www.conet.de/DE/typeahead.html]
[www.conet.de/C1257822003AD11B/RepositoryStyle/CDE_Style_2020/$FILE/bundle.minaf80.js]
[www.googletagmanager.com/gtm5445.html]
[www.conet.de/DE/conet/kontakt/group/conet.html]
[www.conet.de/DE/conet/kontakt/kontaktformular.html]
[www.conet.de/DE/conet/datenschutz-2.html]
[www.conet.de/DE/conet/group/conet.html]
[www.conet.de/DE/conet/newsletter.html]
[www.conet.de/DE/CONET-Group/Kontakt/Ihr-Weg-zu-uns/Wegbeschreibungen/Hennef-Humperdinckstrasse.html]
[www.conet.de/DE/conet/impressum-2.html]
[www.conet.de/DE/CONET/group/conet-2.html]
[www.conet.de/C1257822003AF551/vwContentByKey/W2BGKEPD260CCHEDE/$FILE/website-check-2020-1.jpg]
[www.conet.de/DE/CONET/Impressum.html]
[www.conet.de/DE/group/conet.html]
[www.conet.de/DE/conet/kontakt/ihr-weg-zu-uns.html]
[www.conet.de/DE/conet/veranstaltungen/aktuell.html]
[www.conet.de/DE/conet/presse/2020/coronavirus-wir-sind-wie-gewohnt-fuer-sie-da.html]
[www.conet.de/DE/conet/veranstaltungen/webinare/e-mail-verschluesselung-totemomail.html]
[www.conet.de/DE/conet/veranstaltungen/webinare/sicherstellung-hoheitlicher-aufgaben-corona.html]
[www.conet.de/DE/conet/veranstaltungen/2020/cyber-security-tech-summit-europe.html]
[www.conet.de/DE/conet/veranstaltungen/webinare/microsoft-365-aufgabenmanagement.html]
[www.conet.de/DE/conet/veranstaltungen]
[www.conet.de/DE/conet.html]
[www.conet.de/DE/CONET/Datenschutz.html]
[www.conet.de/DE/CONET/Kontakt.html]
[www.conet.de/DE/CONET/Newsletter-2.html]
[www.conet.de/DE/conet/presse/aktuell.html]
[www.conet.de/DE/Karriere-2.html]
[www.conet.de/DE/karriere/arbeiten-bei-conet.html]
[www.conet.de/DE/karriere/conet-ist-ausgezeichnet-2.html]
[www.conet.de/DE/Karriere/group/conet.html]
[www.conet.de/DE/karriere/conet-ist-ausgezeichnet/netzwerk-erfolgsfaktor-familie.html]
[www.conet.de/DE/karriere/conet-ist-ausgezeichnet/starker-partner-nrw.html]
[www.conet.de/DE/karriere/conet-ist-ausgezeichnet/zertifikat-top-ausbildung.html]
[www.conet.de/DE/karriere/conet-ist-ausgezeichnet/sap-diamant-award.html]
[www.conet.de/DE/karriere/conet-ist-ausgezeichnet/website-check-rechtssichere-internetseite.html]
[www.conet.de/DE/karriere/conet-ist-ausgezeichnet/ausbildungszertifikat_1.html]
[www.conet.de/DE/karriere/conet-ist-ausgezeichnet/ludwig.html]
[www.conet.de/DE/Karriere/CONET-ist-ausgezeichnet.html]
[www.conet.de/DE/karriere/conet-ist-ausgezeichnet/hennefer-schirmchen_1.html]
[www.conet.de/DE/karriere/conet-ist-ausgezeichnet/innovativ-durch-forschung.html]
[www.conet.de/DE/karriere/conet-ist-ausgezeichnet/group/conet.html]
[www.conet.de/DE/karriere/conet-ist-ausgezeichnet/top-consultant.html]
[www.conet.de/DE/karriere/conet-ist-ausgezeichnet/top-job-top-arbeitgeber.html]
[www.conet.de/DE/karriere/conet-ist-ausgezeichnet/systemhaus-des-jahres-2018.html]
[www.conet.de/DE/karriere/conet-ist-ausgezeichnet/nextstep.html]
[www.conet.de/DE/karriere/conet-ist-ausgezeichnet/zdi-netzwerk-mint.html]
[www.conet.de/DE/technologien/microsoft.html]
[www.conet.de/DE/conet/presse/2018/group/conet.html]
[www.conet.de/DE/conet/presse/2018/conet-gruendungsmitglied-cyber-security-cluster-bonn.html]
[www.conet.de/DE/conet/presse/2018/conet-unternehmen-nach-iso-9001-2015-rezertifiziert.html]
[www.conet.de/DE/loesungen/consulting/cyber-security.html]
[www.conet.de/DE/conet/sitemap-2.html]
[www.conet.de/DE/conet/ueber-conet.html]
[www.conet.de/DE/conet/ueber-conet/conet-life-selbstverstaendnis.html]
[www.conet.de/DE/conet/ueber-conet/gute-gruende-fuer-conet.html]
[www.conet.de/DE/conet/unternehmen.html]
[www.conet.de/DE/conet/ueber-conet/corporate-governance.html]
[www.conet.de/DE/conet/ueber-conet/geschaeftsfuehrung.html]
[www.conet.de/DE/conet/ueber-conet/corporate-social-responsibility.html]
[www.conet.de/DE/conet/ueber-conet/historie.html]
[www.conet.de/DE/conet/partner/liste.html]
[www.conet.de/DE/conet-group/kunden/auszug-aus-der-kundenliste.html]
[www.conet.de/DE/conet/veranstaltungen/webinare.html]
[www.conet.de/DE/conet/veranstaltungen/webinare/model-driven-apps.html]
[www.conet.de/DE/conet/veranstaltungen/webinare/microsoft-teams-ki.html]
[www.conet.de/DE/conet/veranstaltungen/webinare/ki-in-der-praxis.html]
[www.conet.de/DE/conet/veranstaltungen/webinare/microsoft-teams-governance.html]
[www.conet.de/DE/conet/veranstaltungen/webinare/it-sec-prozesse.html]
[www.conet.de/DE/conet/veranstaltungen/webinare/sap-successfactors-recruiting.html]
[www.conet.de/DE/conet/veranstaltungen/webinare/cyber-sec-cloud-services.html]
[www.conet.de/DE/conet/veranstaltungen/webinare/microsoft-teams-yammer.html]
[www.conet.de/DE/conet/veranstaltungen/webinare/webinar-aufzeichnungen.html]
[www.conet.de/DE/conet/veranstaltungen/webinare/microsoft-teams-meetings.html]
[www.conet.de/DE/conet/veranstaltungen/webinare/idm-cyber-strategie.html]
[www.conet.de/DE/conet/veranstaltungen/webinare/microsoft-powerapps.html]
[www.conet.de/DE/conet/veranstaltungen/webinare/itsm-efecte.html]
[www.conet.de/DE/conet/veranstaltungen/webinare/it-security-quick-check.html]
[www.conet.de/DE/conet/veranstaltungen/webinare/microsoft-teams-zusammenarbeit.html]
[www.conet.de/DE/conet/veranstaltungen/webinare/sharepoint-einfacher-und-schneller.html]
[www.conet.de/DE/conet/veranstaltungen/webinare/office-365-webinar.html]
[www.conet.de/DE/conet/veranstaltungen/webinare/teamwork-mit-ms-teams.html]
[www.conet.de/DE/conet/veranstaltungen/webinare/windows-10-migration.html]
[www.conet.de/DE/conet/veranstaltungen/webinare/bcm-itscm.html]
[www.conet.de/DE/conet/veranstaltungen/webinare/dynamics-crm.html]
[www.conet.de/DE/conet/veranstaltungen/2020/innovation-day-I-2020.html]
[www.conet.de/DE/conet/veranstaltungen/webinare/citrix-cloud.html]
[www.conet.de/DE/conet/veranstaltungen/webinare/mobility-management.html]
[www.conet.de/DE/conet/veranstaltungen/webinare/netflow-analyse-im-conet-soc.html]
[www.conet.de/DE/conet/veranstaltungen/webinare/microsoft-teams.html]
[www.conet.de/DE/conet/veranstaltungen/webinare/sap-analytics-cloud.html]
[www.conet.de/DE/conet/veranstaltungen/webinare/transition-outsourcer.html]
[www.conet.de/DE/conet/veranstaltungen/webinare/enterprise-architecture-management.html]
[www.conet.de/DE/conet/veranstaltungen/webinare/virtuelle-assistenten-fuer-bundesbehoerden.html]
[www.conet.de/DE/conet/veranstaltungen/webinare/identity-governance-daccord.html]
[www.conet.de/DE/conet/veranstaltungen/webinare/prozessmanagement.html]
[www.conet.de/DE/conet/veranstaltungen/webinare/customer-communication-journey.html]
[www.conet.de/DE/conet/veranstaltungen/webinare/enterprise-content-management.html]
[www.conet.de/DE/conet/veranstaltungen/webinare/virtuelle-assistenten-und-ki.html]
[www.conet.de/DE/conet/veranstaltungen/webinare/access-management-und-compliance-2019.html]
[www.conet.de/DE/conet/veranstaltungen/webinare/privileged-user-management-2019.html]
[www.conet.de/DE/conet/veranstaltungen/webinare/managed-devops-und-docker.html]
[www.conet.de/DE/conet/presse/archiv.html]
[www.conet.de/DE/conet/veranstaltungen/webinare/arbeiten-mit-microsoft-teams.html]
[www.conet.de/DE/startseite/social-media/conet-social-media-newsroom.html]
[www.conet.de/DE/conet/presse/rss.html]
[www.conet.de/DE/conet/agb-2.html]
[www.conet.de/DE/loesungen.html]
[www.conet.de/DE/loesungen/infrastructure/cloud-computing.html]
[www.conet.de/DE/loesungen/experts/mobility.html]
[www.conet.de/DE/loesungen/experts/mobility/mobile-strategie.html]
[www.conet.de/DE/loesungen/experts/mobility/mobile-anwendungen-app-entwicklung.html]
[www.conet.de/DE/loesungen/mobility/workshop.html]
[www.conet.de/DE/loesungen/experts/mobility/mobile-prozesse.html]
[www.conet.de/DE/loesungen/sap/mobility/glossar.html]
[www.conet.de/DE/loesungen/experts/mobility/mobile-infrastruktur.html]
[www.conet.de/DE/loesungen/data-intelligence.html]
[www.conet.de/DE/loesungen/consulting.html]
[www.conet.de/DE/loesungen/consulting/blockchain.html]
[www.conet.de/DE/loesungen/consulting/customer-experience.html]
[www.conet.de/DE/loesungen/consulting/innovation.html]
[www.conet.de/DE/loesungen/consulting/customer-experience/kontakt.html]
[www.conet.de/DE/loesungen/consulting/enterprise-architecture-management.html]
[www.conet.de/DE/loesungen/consulting/eu-datenschutz-grundverordnung.html]
[www.conet.de/DE/loesungen/software/business-process-management.html]
[www.conet.de/DE/loesungen/sap/consulting.html]
[www.conet.de/DE/loesungen/sap/sap-projektmanagement-qualitaetssicherung.html]
[www.conet.de/DE/loesungen/sap/agile-unternehmenssteuerung.html]
[www.conet.de/DE/loesungen/sap/software-entwicklung.html]
[www.conet.de/DE/loesungen/sap/sap-administration.html]
[www.conet.de/DE/loesungen/sap/datenmanagement.html]
[www.conet.de/DE/loesungen/sap/enterprise-portal.html]
[www.conet.de/DE/loesungen/sap/business-intelligence.html]
[www.conet.de/DE/loesungen/sap/business-intelligence/unternehmensplanung.html]
[www.conet.de/DE/loesungen/sap/business-intelligence/controlling.html]
[www.conet.de/DE/loesungen/sap/business-intelligence/sap-analytics-cloud.html]
[www.conet.de/DE/loesungen/sap/accounting.html]
[www.conet.de/DE/loesungen/sap/business-intelligence/sap-businessobjects-bi.html]
[www.conet.de/DE/loesungen/sap/accounting/sap-erp-financials.html]
[www.conet.de/DE/loesungen/software/agile-software-entwicklung/e-recruiting.html]
[www.conet.de/DE/loesungen/sap/hcm.html]
[www.conet.de/DE/loesungen/sap/logistik.html]
[www.conet.de/DE/loesungen/sap/logistik/sap-scm-supply-chain-management.html]
[www.conet.de/DE/loesungen/sap/logistik/sap-tm-transportation-management.html]
[www.conet.de/DE/loesungen/sap/logistik/sap-ewm-extended-warehouse-management.html]
[www.conet.de/DE/loesungen/sap/logistik/sap-eam-enterprise-asset-management.html]
[www.conet.de/DE/loesungen/sap/logistik/sap-srm-supplier-relationship-management.html]
[www.conet.de/DE/loesungen/sap/logistik/sap-mm-material-management.html]
[www.conet.de/DE/loesungen/sap/real-estate-management.html]
[www.conet.de/DE/loesungen/sap/sap-for-defense-security.html]
[www.conet.de/DE/loesungen/infrastructure.html]
[www.conet.de/DE/loesungen/infrastructure/managed-services-outsourcing.html]
[www.conet.de/DE/loesungen/infrastructure/network-solutions.html]
[www.conet.de/DE/loesungen/infrastructure/it-data-center-services.html]
[www.conet.de/DE/loesungen/critical-communications.html]
[www.conet.de/DE/loesungen/communications/einsatzleitstellensysteme-conet-uc-radio-suite/architektur-technik.html]
[www.conet.de/DE/loesungen/communications/leitstellenkommunikation-fuer-einsatzleitsysteme.html]
[www.conet.de/DE/loesungen/communications/leitstellenkommunikation-fuer-einsatzleitsysteme/branchen-loesungen.html]
[www.conet.de/DE/loesungen/communications/einsatzleitstellensysteme-conet-uc-radio-suite/architektur-technik/unified-api.html]
[www.conet.de/DE/loesungen/communications/leitstellenkommunikation-fuer-einsatzleitsysteme/branchen-loesungen/energieversorgungsunternehmen.html]
[www.conet.de/DE/loesungen/communications/leitstellenkommunikation-fuer-einsatzleitsysteme/success-stories-partner.html]
[www.conet.de/DE/loesungen/communications/verbundfaehigkeit-tetra-lte.html]
[www.conet.de/DE/loesungen/communications/mobile-einsatzunterstuetzung.html]
[www.conet.de/DE/loesungen/communications/contact-center-solutions.html]
[www.conet.de/DE/loesungen/communications/abhoersicherheit-ip-telefone.html]
[www.conet.de/DE/conet/kunden-branchen/e-government.html]
[www.conet.de/DE/loesungen/branchenloesungen.html]
[www.conet.de/DE/conet/kunden-branchen/e-government/e-government-gesetz-egovg.html]
[www.conet.de/DE/conet/kunden-branchen/e-government/egov-factory.html]
[www.conet.de/DE/conet/kunden-branchen/e-government/rahmenvertraege-3pm-projekte.html]
[www.conet.de/DE/conet/kunden-branchen/defense-solutions-it-loesungen-fuer-streitkraefte.html]
[www.conet.de/DE/conet/kunden-branchen/it-loesungen-fuer-banken-versicherungen.html]
[www.conet.de/DE/loesungen/sap/branchenloesung-is-dfps.html]
[www.conet.de/DE/technologien.html]
[www.conet.de/DE/technologien/cisco/finesse.html]
[www.conet.de/DE/technologien/cisco.html]
[www.conet.de/DE/technologien/cisco/cisco-ucce.html]
[www.conet.de/DE/technologien/citrix.html]
[www.conet.de/DE/technologien/citrix/citrix-xenapp.html]
[www.conet.de/DE/technologien/citrix/citrix-xendesktop.html]
[www.conet.de/DE/technologien/citrix/citrix-xenserver.html]
[www.conet.de/DE/technologien/ibm.html]
[www.conet.de/DE/technologien/citrix/citrix-provisioning-server.html]
[www.conet.de/DE/technologien/ibm/ibm-connections.html]
[www.conet.de/DE/loesungen/software/ecm/notes-web-content-management-media-suite.html]
[www.conet.de/DE/technologien/ibm/ibm-websphere.html]
[www.conet.de/DE/technologien/ibm/ibm-notes-domino.html]
[www.conet.de/DE/technologien/micro-focus/netiq.html]
[www.conet.de/DE/technologien/micro-focus.html]
[www.conet.de/DE/technologien/micro-focus/netiq/netiq-access-management.html]
[www.conet.de/DE/technologien/micro-focus/netiq/netiq-identity-management.html]
[www.conet.de/DE/technologien/micro-focus/netiq/netiq-platespin.html]
[www.conet.de/DE/technologien/micro-focus/novell.html]
[www.conet.de/DE/technologien/micro-focus/groupwise.html]
[www.conet.de/DE/technologien/micro-focus/vibe.html]
[www.conet.de/DE/technologien/micro-focus/novell/novell-filr.html]
[www.conet.de/DE/technologien/micro-focus/novell/novell-file-reporter.html]
[www.conet.de/DE/technologien/micro-focus/novell/novell-iprint.html]
[www.conet.de/DE/technologien/micro-focus/novell/novell-open-enterprise-server.html]
[www.conet.de/DE/technologien/micro-focus/novell/novell-storage-manager.html]
[www.conet.de/DE/technologien/micro-focus/novell/novell-zenworks-mobile-management.html]
[www.conet.de/DE/technologien/micro-focus/novell/novell-zenworks.html]
[www.conet.de/DE/technologien/micro-focus/novell/quickstarts.html]
[www.conet.de/DE/technologien/microsoft/microsoft-azure.html]
[www.conet.de/DE/technologien/microsoft/microsoft-active-directory.html]
[www.conet.de/DE/technologien/microsoft/dynamics365.html]
[www.conet.de/DE/technologien/microsoft/microsoft-exchange-server.html]
[www.conet.de/DE/technologien/microsoft/microsoft-hololens.html]
[www.conet.de/DE/technologien/microsoft/microsoft-hyper-v.html]
[www.conet.de/DE/technologien/microsoft/microsoft-sharepoint.html]
[www.conet.de/DE/technologien/microsoft/microsoft-net.html]
[www.conet.de/DE/technologien/microsoft/microsoft-demopoint.html]
[www.conet.de/DE/technologien/microsoft/microsoft-system-center.html]
[www.conet.de/DE/technologien/microsoft/microsoft-sql-server.html]
[www.conet.de/DE/technologien/microsoft/microsoft-betrieb-sicherheit.html]
[www.conet.de/DE/technologien/open-source.html]
[www.conet.de/DE/technologien/oracle.html]
[www.conet.de/DE/technologien/red-hat.html]
[www.conet.de/DE/technologien/red-hat/red-hat-enterprise-linux.html]
[www.conet.de/DE/technologien/red-hat/jboss-application-server-jbpm.html]
[www.conet.de/DE/technologien/sap.html]
[www.conet.de/DE/technologien/sap/sap-hana.html]
[www.conet.de/DE/technologien/sap/sap-erp.html]
[www.conet.de/DE/technologien/sap/c4hana.html]
[www.conet.de/DE/technologien/sap/sap-s4hana.html]
[www.conet.de/DE/technologien/sap/c4hana/kontakt.html]
[www.conet.de/DE/technologien/sap/sap-netweaver-business-process-management.html]
[www.conet.de/DE/technologien/sap/sap-fiori.html]
[www.conet.de/DE/technologien/suse.html]
[www.conet.de/DE/technologien/sap/sap-netweaver-portal.html]
[www.conet.de/DE/technologien/suse/suse-linux-enterprise.html]
[www.conet.de/DE/technologien/suse/suse-linux-enterprise-server.html]
[www.conet.de/DE/technologien/suse/suse-linux-enterprise-desktop.html]
[www.conet.de/DE/technologien/vmware.html]
[www.conet.de/DE/technologien/vmware-virtualization-solutions-cloud-computing.html]
[www.conet.de/DE/technologien/vmware/rechenzentrumsloesungen-vmware-vsphere.html]
[www.conet.de/DE/technologien/vmware/cloud-computing.html]
[www.conet.de/DE/technologien/vmware/desktop-virtualisierung-vmware-view-und-vmware-thinapp.html]
[www.conet.de/DE/technologien/weitere.html]
[www.conet.de/DE/technologien/weitere/daccord.html]
[www.conet.de/DE/technologien/weitere/3cx.html]
[www.conet.de/DE/technologien/weitere/emc-rsa.html]
[www.conet.de/DE/technologien/weitere/ericom-connect.html]
[www.conet.de/DE/technologien/weitere/genua.html]
[www.conet.de/DE/technologien/weitere/kemp-load-balancer.html]
[www.conet.de/DE/technologien/weitere/gwava.html]
[www.conet.de/DE/technologien/weitere/netapp/storage-server-virtualisierung.html]
[www.conet.de/DE/technologien/weitere/netapp.html]
[www.conet.de/DE/technologien/weitere/netapp/netapp-storage-fuer-business-continuity.html]
[www.conet.de/DE/technologien/weitere/netapp/netapp-storage-fuer-virtuelle-desktop-umgebungen.html]
[www.conet.de/DE/technologien/weitere/sep-sesam.html]
[www.conet.de/DE/technologien/weitere/pure-storage.html]
[www.conet.de/DE/technologien/weitere/sophos.html]
[www.conet.de/DE/technologien/weitere/veeam.html]
[www.conet.de/DE/initiativbewerbung.html]
[www.conet.de/DE/karriere/berlin.html]
[www.conet.de/DE/karriere/bauchgefuehl.html]
[www.conet.de/DE/karriere/arbeiten-bei-conet/tipps-zur-bewerbung.html]
[www.conet.de/DE/karriere/chancen/berufserfahrene.html]
[www.conet.de/DE/karriere/chancen.html]
[www.conet.de/DE/karriere/chancen/hochschulabsolventen.html]
[www.conet.de/DE/karriere/chancen/studierende_1.html]
[www.conet.de/DE/karriere/chancen/studierende/abschlussarbeit.html]
[www.conet.de/DE/karriere/chancen/schueler.html]
[www.conet.de/DE/karriere/chancen/auszubildende.html]
[www.conet.de/DE/karriere/entwicklung-bei-conet.html]
[www.conet.de/DE/karriere/conet-zahlt-sich-aus.html]
[www.conet.de/DE/karriere/karriere-events.html]
[www.conet.de/DE/karriere/events/2020/tag-der-unternehmen-mainz.html]
[www.conet.de/DE/CONET/Sitemap.html]
[www.conet.de/DE/CONET/Presse.html]
[www.conet.de/DE/karriere/newsletter.html]
[www.conet.de/DE/CONET/AGB.html]
[www.conet.de/DE/popper.html]
[www.conet.de/DE/typeahead.html]
[www.conet.de/DE/conet/kontakt/group/conet.html]
[www.conet.de/DE/conet/datenschutz-2.html]
[www.conet.de/DE/conet/group/conet.html]
[www.conet.de/DE/karriere/videos.html]
[www.conet.de/DE/CONET/Kontakt/Ihr-Weg-zu-uns/Wegbeschreibungen/Hennef-Humperdinckstrasse.html]
[www.conet.de/DE/CONET-Group/Kontakt/Ihr-Weg-zu-uns/Wegbeschreibungen/group/conet.html]
[www.conet.de/DE/CONET-Group/Kontakt/Ihr-Weg-zu-uns/Wegbeschreibungen/Hennef-Humperdinckstrasse.html]
[www.conet.de/DE/conet/impressum-2.html]
[www.conet.de/DE/CONET/group/conet-2.html]
[www.conet.de/DE/CONET/Kontakt/Ihr-Weg-zu-uns/Wegbeschreibungen/Augsburg.html]
[www.conet.de/DE/CONET/Kontakt/Ihr-Weg-zu-uns/Wegbeschreibungen/Hennef.html]
[www.conet.de/DE/conet/kontakt/ihr-weg-zu-uns/wegbeschreibungen/augsburg-walchstrasse.html]
[www.conet.de/DE/conet/kontakt/ihr-weg-zu-uns/wegbeschreibungen/berlin.html]
[www.conet.de/DE/conet/kontakt/ihr-weg-zu-uns/wegbeschreibungen/berlin-chausseestrasse.html]
[www.conet.de/DE/conet/kontakt/ihr-weg-zu-uns/wegbeschreibungen/duesseldorf-1.html]
[www.conet.de/DE/CONET/Kontakt/Ihr-Weg-zu-uns/Wegbeschreibungen/Frankenthal.html]
[www.conet.de/DE/conet/kontakt/ihr-weg-zu-uns/wegbeschreibungen/frankfurt-am-main.html]
[www.conet.de/DE/conet-group/kontakt/ihr-weg-zu-uns/wegbeschreibungen/frankfurt-am-main-franklinstrasse.html]
[www.conet.de/DE/CONET/Kontakt/Ihr-Weg-zu-uns/Wegbeschreibungen/Ludwigsburg.html]
[www.conet.de/DE/CONET/Kontakt/Ihr-Weg-zu-uns/Wegbeschreibungen/Koblenz.html]
[www.conet.de/DE/conet/kontakt/ihr-weg-zu-uns/wegbeschreibungen/muenchen.html]
[www.conet.de/DE/conet/kontakt/ihr-weg-zu-uns/wegbeschreibungen/muenchen-parkring.html]
[www.conet.de/DE/CONET/Kontakt/Ihr-Weg-zu-uns/Wegbeschreibungen/Neubrandenburg.html]
[www.conet.de/DE/conet/kontakt/ihr-weg-zu-uns/wegbeschreibungen/niederkassel.html]
[www.conet.de/DE/conet/kontakt/ihr-weg-zu-uns.html]
[www.conet.de/DE/CONET/Kontakt/Ihr-Weg-zu-uns/Wegbeschreibungen/Wien.html]
[www.conet.de/DE/conet/kontakt/ihr-weg-zu-uns/wegbeschreibungen/wien-nibelungengasse.html]
[www.conet.de/DE/conet/veranstaltungen/group/conet.html]
[www.conet.de/DE/conet/veranstaltungen/aktuell.html]
[www.conet.de/DE/conet/presse/2020/group/conet.html]
[www.conet.de/DE/conet/presse/2020/coronavirus-wir-sind-wie-gewohnt-fuer-sie-da.html]
[www.conet.de/DE/conet/kontakt/expressberatung-homeoffice-remote-zugriff.html]
[www.conet.de/DE/conet/veranstaltungen/webinare/group/conet.html]
[www.conet.de/DE/conet/veranstaltungen/webinare/e-mail-verschluesselung-totemomail.html]
[www.conet.de/DE/conet/veranstaltungen/webinare/sicherstellung-hoheitlicher-aufgaben-corona.html]
[www.conet.de/DE/loesungen/consulting/eu-datenschutz-grundverordnung/index.html]
[www.conet.de/DE/conet/veranstaltungen/2020/group/conet.html]
[www.conet.de/DE/conet/veranstaltungen/2020/cyber-security-tech-summit-europe.html]
[www.conet.de/DE/conet/veranstaltungen/webinare/microsoft-365-aufgabenmanagement.html]
[www.conet.de/DE/conet/veranstaltungen.html]
[www.conet.de/DE/conet/presse/group/conet.html]
[www.conet.de/DE/conet/presse/aktuell.html]
[www.conet.de/DE/karriere/group/conet-2.html]
[www.conet.de/DE/karriere/arbeiten-bei-conet.html]
[www.conet.de/DE/karriere/conet-ist-ausgezeichnet-2.html]
[www.conet.de/DE/Karriere/group/conet.html]
[www.conet.de/DE/karriere/conet-ist-ausgezeichnet/netzwerk-erfolgsfaktor-familie.html]
[www.conet.de/DE/karriere/conet-ist-ausgezeichnet/starker-partner-nrw.html]
[www.conet.de/DE/karriere/conet-ist-ausgezeichnet/zertifikat-top-ausbildung.html]
[www.conet.de/DE/karriere/conet-ist-ausgezeichnet/sap-diamant-award.html]
[www.conet.de/DE/karriere/conet-ist-ausgezeichnet/website-check-rechtssichere-internetseite.html]
[www.conet.de/DE/karriere/conet-ist-ausgezeichnet/ausbildungszertifikat_1.html]
[www.conet.de/DE/karriere/conet-ist-ausgezeichnet/ludwig.html]
[www.conet.de/DE/karriere/conet-ist-ausgezeichnet/hennefer-schirmchen_1.html]
[www.conet.de/DE/karriere/conet-ist-ausgezeichnet/innovativ-durch-forschung.html]
[www.conet.de/DE/karriere/conet-ist-ausgezeichnet/group/conet.html]
[www.conet.de/DE/conet/presse/2015/07.12.html]
[www.conet.de/DE/technologien/group/conet.html]
[www.conet.de/C1257822003AF551/vwContentByKey/W2BGBB5B729CCHEDE/$FILE/web-logo-conet-microsoft-alle-kompetenzen.gif]
[www.conet.de/DE/technologien/microsoft.html]
[www.conet.de/DE/conet/presse/2018/group/conet.html]
[www.conet.de/DE/loesungen/consulting/group/conet.html]
[www.conet.de/DE/CONET-Group/Kontakt/Ihr-Weg-zu-uns/Wegbeschreibungen/Hennef.html]
[www.conet.de/DE/conet/presse/2019/conet-soc-betriebsbereit.html]
[www.conet.de/C1257822003AF551/vwContentByKey/W2BAWVFF373CCHEDE/$FILE/CONET-Cyber-Portfolio-900-new.jpg]
[www.conet.de/DE/conet/presse/2019/neuer-geschaeftsbereich-cyber-security-consulting.html]
[www.conet.de/C1257822003AD11B/RepositoryFile/cde_js/$File/jquery.rwdImageMaps.min.js]
[www.conet.de/DE/loesungen/consulting/cyber-security.html]
[www.conet.de/DE/conet/sitemap-2.html]
[www.conet.de/DE/loesungen/sap]
[www.conet.de/DE/loesungen/software]
[www.conet.de/DE/conet/ueber-conet.html]
[www.conet.de/DE/conet/ueber-conet/group/conet.html]
[www.conet.de/DE/conet/ueber-conet/conet-life-selbstverstaendnis.html]
[www.conet.de/DE/conet/ueber-conet/gute-gruende-fuer-conet.html]
[www.conet.de/DE/conet/presse]
[www.conet.de/DE/conet/unternehmen.html]
[www.conet.de/DE/conet/ueber-conet/geschaeftsfuehrung.html]
[www.conet.de/DE/conet/ueber-conet/corporate-governance.html]
[www.conet.de/DE/conet/ueber-conet/corporate-social-responsibility.html]
[www.conet.de/DE/conet/ueber-conet/historie.html]
[www.conet.de/DE/loesungen/digital-communications-e-commerce/digital-communications.html]
[www.conet.de/DE/conet/partner/group/conet.html]
[www.conet.de/DE/loesungen/communications/ip-phone-solutions]
[www.conet.de/DE/loesungen/software/ecm/dokumentenmanagement-dms.html]
[www.conet.de/DE/loesungen/communications/ip-phone-solutions]
[www.conet.de/DE/conet/partner/liste.html]
[www.conet.de/DE/loesungen/software/social-collaboration.html]
[www.conet.de/DE/loesungen/software/agile-software-development.html]
[www.conet.de/DE/conet-group/kunden/group/conet.html]
[www.conet.de/DE/conet-group/kunden/auszug-aus-der-kundenliste.html]
[www.conet.de/DE/conet/veranstaltungen/webinare.html]
[www.conet.de/DE/conet/veranstaltungen/webinare/model-driven-apps.html]
[www.conet.de/DE/conet/veranstaltungen/webinare/microsoft-teams-ki.html]
[www.conet.de/DE/conet/veranstaltungen/webinare/ki-in-der-praxis.html]
[www.conet.de/DE/conet/veranstaltungen/webinare/microsoft-teams-governance.html]
[www.conet.de/DE/conet/veranstaltungen/webinare/it-sec-prozesse.html]
[www.conet.de/DE/conet/veranstaltungen/webinare/sap-successfactors-recruiting.html]
[www.conet.de/DE/conet/veranstaltungen/webinare/cyber-sec-cloud-services.html]
[www.conet.de/DE/conet/veranstaltungen/webinare/microsoft-teams-yammer.html]
[www.conet.de/DE/conet/veranstaltungen/webinare/webinar-aufzeichnungen.html]
[www.conet.de/DE/conet/veranstaltungen/webinare/microsoft-teams-meetings.html]
[www.conet.de/DE/conet/veranstaltungen/webinare/idm-cyber-strategie.html]
[www.conet.de/DE/conet/veranstaltungen/webinare/microsoft-powerapps.html]
[www.conet.de/DE/conet/veranstaltungen/webinare/itsm-efecte.html]
[www.conet.de/DE/conet/veranstaltungen/webinare/it-security-quick-check.html]
[www.conet.de/DE/conet/veranstaltungen/webinare/microsoft-teams-zusammenarbeit.html]
[www.conet.de/DE/conet/veranstaltungen/webinare/sharepoint-einfacher-und-schneller.html]
[www.conet.de/DE/conet/veranstaltungen/webinare/office-365-webinar.html]
[www.conet.de/DE/conet/veranstaltungen/webinare/teamwork-mit-ms-teams.html]
[www.conet.de/DE/conet/veranstaltungen/webinare/bcm-itscm.html]
[www.conet.de/DE/conet/veranstaltungen/webinare/windows-10-migration.html]
[www.conet.de/DE/conet/veranstaltungen/webinare/dynamics-crm.html]
[www.conet.de/DE/loesungen/sap-consulting/sap-user-experience]
[www.conet.de/DE/conet/veranstaltungen/2020/innovation-day-I-2020.html]
[www.conet.de/DE/conet/veranstaltungen/webinare/citrix-cloud.html]
[www.conet.de/DE/conet/veranstaltungen/webinare/mobility-management.html]
[www.conet.de/DE/conet/veranstaltungen/webinare/netflow-analyse-im-conet-soc.html]
[www.conet.de/DE/conet/veranstaltungen/webinare/microsoft-teams.html]
[www.conet.de/DE/conet/veranstaltungen/webinare/sap-analytics-cloud.html]
[www.conet.de/DE/conet/veranstaltungen/webinare/transition-outsourcer.html]
[www.conet.de/DE/conet/veranstaltungen/webinare/enterprise-architecture-management.html]
[www.conet.de/DE/conet/veranstaltungen/webinare/virtuelle-assistenten-fuer-bundesbehoerden.html]
[www.conet.de/DE/conet/veranstaltungen/webinare/identity-governance-daccord.html]
[www.conet.de/DE/conet/veranstaltungen/webinare/prozessmanagement.html]
[www.conet.de/DE/conet/veranstaltungen/webinare/customer-communication-journey.html]
[www.conet.de/DE/conet/veranstaltungen/webinare/enterprise-content-management.html]
[www.conet.de/DE/conet/veranstaltungen/webinare/access-management-und-compliance-2019.html]
[www.conet.de/DE/conet/veranstaltungen/webinare/virtuelle-assistenten-und-ki.html]
[www.conet.de/DE/conet/veranstaltungen/webinare/managed-devops-und-docker.html]
[www.conet.de/DE/conet/veranstaltungen/webinare/privileged-user-management-2019.html]
[www.conet.de/DE/conet/veranstaltungen/webinare/arbeiten-mit-microsoft-teams.html]
[www.conet.de/DE/conet/presse/archiv.html]
[www.conet.de/DE/conet/presse/rss.html]
[www.conet.de/DE/loesungen/software/devops-by-conet.html]
[www.conet.de/DE/startseite/social-media/group/conet.html]
[connect.facebook.net/de_DE/all.js]
[www.conet.de/DE/conet/presse/2020/conet-beteiligt-sich-mit-webinar-und-videointerview-am-digitaltag-2020.html]
[www.conet.de/DE/startseite/social-media/conet-social-media-newsroom.html]
[www.conet.de/DE/conet/agb-2.html]
[www.conet.de/DE/loesungen.html]
[www.conet.de/DE/conet/presse/2020/kampf-gegen-corona-conet-tochter-procon-unterstuetzt-projekt-leoss.html]
[www.conet.de/DE/loesungen/infrastructure/group/conet.html]
[www.conet.de/DE/technologien/microsoft/office-365]
[www.conet.de/DE/technologien/microsoft/office-365]
[www.conet.de/DE/loesungen/infrastructure/cloud-computing.html]
[www.conet.de/DE/loesungen/experts/group/conet.html]
[www.conet.de/C1257822003AF551/vwContentByKey/W29NLCD5625CCHEDE/$FILE/Web-Enterprise-Mobility-Overview.png]
[www.conet.de/DE/loesungen/experts/mobility.html]
[www.conet.de/DE/loesungen/experts/mobility/group/conet.html]
[www.conet.de/DE/CONET-Group/Kontakt/Ihr-Weg-zu-uns/Wegbeschreibungen/Frankfurt-am-Main-Franklinstraße.html]
[www.conet.de/DE/loesungen/sap-consulting/sap-user-experience]
[www.conet.de/DE/loesungen/sap-consulting/sap-user-experience]
[www.conet.de/C1257822003AF551/vwContentByKey/W29VEGX9172CCHEDE/$FILE/Web-Enterprise-Mobility-Overview-Anwendungen.png]
[www.conet.de/DE/loesungen/experts/mobility/mobile-anwendungen-app-entwicklung.html]
[www.conet.de/DE/loesungen/sap-consulting/sap-user-experience.15f.delayed]
[www.conet.de/C1257822003AF551/vwContentByKey/W29VEGKH412CCHEDE/$FILE/Web-Enterprise-Mobility-Overview-Strategie.png]
[www.conet.de/DE/loesungen/experts/mobility/mobile-strategie.html]
[www.conet.de/DE/loesungen/mobility/group/conet.html]
[www.conet.de/DE/loesungen/mobility/workshop.html]
[www.conet.de/DE/Loesungen/Mobility/Glossar.html]
[www.conet.de/DE/loesungen/mobility/apps-zeiterfassung.html]
[www.conet.de/DE/loesungen/mobility/prezi-mobile-prozesse.html]
[www.conet.de/DE/loesungen/mobility/apps-logistics.html]
[www.conet.de/C1257822003AF551/vwContentByKey/W29VEGM6540CCHEDE/$FILE/Web-Enterprise-Mobility-Overview-Prozesse.png]
[www.conet.de/DE/loesungen/experts/mobility/mobile-prozesse.html]
[www.conet.de/C1257822003AF551/vwContentByKey/W29VEGNV631CCHEDE/$FILE/Web-Enterprise-Mobility-Overview-Infrastruktur.png]
[www.conet.de/DE/loesungen/experts/mobility/mobile-infrastruktur.html]
[www.conet.de/DE/loesungen/sap/mobility/group/conet.html]
[www.conet.de/DE/loesungen/sap/mobility/glossar.html]
[www.conet.de/DE/CONET-Group/Kontakt/Ihr-Weg-zu-uns/Wegbeschreibungen/Athen.html]
[www.conet.de/DE/loesungen/group/conet.html]
[www.conet.de/DE/loesungen/data-intelligence.html]
[www.conet.de/DE/loesungen/consulting.html]
[www.conet.de/DE/loesungen/consulting/blockchain.html]
[www.conet.de/DE/loesungen/consulting/customer-experience.html]
[www.conet.de/DE/CONET-Group/Kontakt/Ihr-Weg-zu-uns/Wegbeschreibungen/Koblenz.html]
[www.conet.de/DE/loesungen/consulting/customer-experience/group/conet.html]
[www.conet.de/DE/loesungen/consulting/customer-experience/kontakt.html]
[www.conet.de/DE/loesungen/consulting/innovation.html]
[www.conet.de/DE/loesungen/consulting/enterprise-architecture-management.html]
[www.conet.de/DE/loesungen/software/group/conet.html]
[www.conet.de/DE/loesungen/software/business-process-management.html]
[www.googleadservices.com/pagead/f.txt]
[www.conet.de/DE/loesungen/consulting/eu-datenschutz-grundverordnung.html]
[www.conet.de/DE/loesungen/sap/group/conet.html]
[www.conet.de/DE/loesungen/sap/sap-hana]
[www.conet.de/DE/loesungen/sap/sap-hana]
[www.conet.de/DE/loesungen/sap/consulting.html]
[www.conet.de/DE/loesungen/sap/agile-unternehmenssteuerung.html]
[www.conet.de/DE/loesungen/sap/sap-projektmanagement-qualitaetssicherung.html]
[www.conet.de/DE/loesungen/sap/software-entwicklung.html]
[www.conet.de/DE/loesungen/sap/sap-administration.html]
[www.conet.de/DE/loesungen/sap/datenmanagement.html]
[www.conet.de/DE/CONET-Group/Kontakt/Ihr-Weg-zu-uns/Wegbeschreibungen/Ludwigsburg.html]
[www.conet.de/DE/user-experience-design-_und_-user-experience-management]
[www.conet.de/DE/loesungen/software/collaboration/ibm-notes-migration.html]
[www.conet.de/DE/loesungen/sap/enterprise-portal.html]
[www.conet.de/DE/technologien/sap/sap-screen-personas.html]
[www.conet.de/DE/loesungen/sap/sap-hana]
[www.conet.de/DE/loesungen/consulting/big-data]
[www.conet.de/DE/loesungen/sap/business-intelligence.html]
[www.conet.de/DE/loesungen/sap/business-intelligence/group/conet.html]
[www.conet.de/DE/loesungen/sap/business-intelligence/controlling.html]
[www.conet.de/DE/loesungen/sap/business-intelligence/unternehmensplanung.html]
[www.conet.de/DE/loesungen/sap/business-intelligence/sap-analytics-cloud.html]
[www.conet.de/DE/loesungen/sap/user-experience/referenz-business-intelligence-1]
[www.conet.de/DE/loesungen/sap/business-intelligence/sap-businessobjects-bi.html]
[www.conet.de/DE/loesungen/sap/accounting.html]
[www.conet.de/DE/loesungen/sap/accounting/group/conet.html]
[www.conet.de/DE/loesungen/sap/accounting/sap-erp-financials.html]
[www.conet.de/DE/loesungen/sap/human-capital-management/e-recruiting]
[www.conet.de/DE/loesungen/sap/human-capital-management/sap-successfactors.html]
[www.conet.de/DE/loesungen/sap/human-capital-management/sap-travel-management.html]
[www.conet.de/DE/loesungen/sap/human-capital-management/e-recruiting]
[www.conet.de/DE/loesungen/sap/human-capital-management/e-recruiting]
[www.conet.de/DE/loesungen/sap/hcm.html]
[www.conet.de/DE/loesungen/software/agile-software-entwicklung/group/conet.html]
[www.conet.de/DE/loesungen/software/agile-software-entwicklung/e-recruiting.html]
[www.conet.de/DE/loesungen/sap/logistik.html]
[www.conet.de/DE/loesungen/sap/logistik/group/conet.html]
[www.conet.de/DE/loesungen/sap/logistik/sap-scm-supply-chain-management.html]
[www.conet.de/DE/loesungen/sap/logistik/sap-tm-transportation-management.html]
[www.conet.de/DE/loesungen/sap/logistik/sap-ewm-extended-warehouse-management.html]
[www.conet.de/DE/loesungen/sap/logistik/sap-eam-enterprise-asset-management.html]
[www.conet.de/DE/loesungen/sap/logistik/sap-mm-material-management.html]
[www.conet.de/DE/loesungen/sap/logistik/sap-srm-supplier-relationship-management.html]
[www.conet.de/DE/loesungen/sap/real-estate-management.html]
[www.conet.de/DE/loesungen/sap/sap-for-defense-security.html]
[www.conet.de/DE/technologien/microsoft/office-365]
[www.conet.de/DE/loesungen/infrastructure.html]
[www.conet.de/DE/loesungen/infrastructure/managed-services-outsourcing.html]
[www.conet.de/DE/loesungen/infrastructure/network-solutions.html]
[www.conet.de/DE/loesungen/infrastructure/it-data-center-services.html]
[www.conet.de/DE/loesungen/communications/einsatzleitstellensysteme-conet-uc-radio-suite/architektur-technik/ptt-controller]
[www.conet.de/DE/loesungen/critical-communications.html]
[www.conet.de/DE/CONET-Group/Kontakt/Ihr-Weg-zu-uns/Wegbeschreibungen/Wien.html]
[www.conet.de/DE/loesungen/communications/group/conet.html]
[www.conet.de/DE/loesungen/communications/leitstellenkommunikation-fuer-einsatzleitsysteme.html]
[www.conet.de/DE/conet/presse/2019/conet-buendelt-leistungsportfolio-kommunikationssysteme-in-conet-communications-gmbh.html]
[www.conet.de/DE/loesungen/communications/einsatzleitstellensysteme-conet-uc-radio-suite/group/conet.html]
[www.conet.de/DE/loesungen/communications/einsatzleitstellensysteme-conet-uc-radio-suite/architektur-technik.html]
[www.conet.de/DE/CONET-Group/Partner/Strategischer-Partner-Cisco.html]
[www.conet.de/DE/Technologien/Cisco-2.html]
[www.conet.de/DE/loesungen/communications/einsatzleitstellensysteme-conet-uc-radio-suite/architektur-technik/group/conet.html]
[www.conet.de/DE/loesungen/communications/einsatzleitstellensysteme-conet-uc-radio-suite/architektur-technik/unified-api.html]
[www.conet.de/DE/loesungen/communications/leitstellenkommunikation-fuer-einsatzleitsysteme/group/conet.html]
[www.conet.de/DE/loesungen/communications/leitstellenkommunikation-fuer-einsatzleitsysteme/branchen-loesungen.html]
[www.conet.de/DE/conet/presse/2011/14.12.html]
[www.conet.de/DE/loesungen/communications/leitstellenkommunikation-fuer-einsatzleitsysteme/branchen-loesungen/group/conet.html]
[www.conet.de/DE/loesungen/communications/leitstellenkommunikation-fuer-einsatzleitsysteme/branchen-loesungen/energieversorgungsunternehmen.html]
[www.conet.de/DE/loesungen/communications/leitstellenkommunikation-fuer-einsatzleitsysteme/success-stories-partner.html]
[www.conet.de/DE/loesungen/communications/mobile-einsatzunterstuetzung.html]
[www.conet.de/DE/loesungen/communications/verbundfaehigkeit-tetra-lte.html]
[www.conet.de/DE/loesungen/communications/contact-center-solutions.html]
[www.conet.de/DE/loesungen/communications/abhoersicherheit-ip-telefone.html]
[www.conet.de/DE/loesungen/branchenloesungen.html]
[www.conet.de/DE/conet/kunden-branchen/group/conet.html]
[www.conet.de/DE/loesungen/sap/sap-hana]
[www.conet.de/DE/conet/kunden-branchen/e-government.html]
[www.conet.de/DE/conet/kunden-branchen/e-government/group/conet.html]
[www.conet.de/DE/conet/kunden-branchen/e-government/e-government-gesetz-egovg.html]
[www.conet.de/DE/conet/kunden-branchen/e-government/egov-factory.html]
[www.conet.de/DE/conet/kunden-branchen/e-government/rahmenvertraege-3pm-projekte.html]
[www.conet.de/DE/conet/kunden-branchen/it-loesungen-fuer-banken-versicherungen.html]
[www.conet.de/DE/loesungen/software/enterprise-content-management.html]
[www.conet.de/DE/loesungen/sap/sap-hana]
[www.conet.de/DE/conet/kunden-branchen/defense-solutions-it-loesungen-fuer-streitkraefte.html]
[www.conet.de/DE/loesungen/sap/branchenloesung-is-dfps.html]
[www.conet.de/DE/technologien.html]
[www.conet.de/DE/technologien/cisco.html]
[www.conet.de/DE/technologien/cisco/group/conet.html]
[www.conet.de/DE/technologien/cisco/finesse.html]
[www.conet.de/DE/technologien/cisco/cisco-ucce.html]
[www.conet.de/DE/technologien/citrix.html]
[www.conet.de/DE/technologien/citrix/group/conet.html]
[www.conet.de/DE/technologien/citrix/citrix-xenapp.html]
[www.conet.de/DE/technologien/citrix/citrix-xenserver.html]
[www.conet.de/DE/technologien/citrix/citrix-xendesktop.html]
[www.conet.de/DE/technologien/citrix/citrix-provisioning-server.html]
[www.conet.de/DE/technologien/ibm.html]
[www.conet.de/DE/technologien/ibm/group/conet.html]
[www.conet.de/DE/technologien/ibm/ibm-connections.html]
[www.conet.de/DE/loesungen/software/ecm/group/conet.html]
[www.conet.de/DE/Loesungen/Produktloesungen/CONET-Helper-Suite.html]
[www.conet.de/DE/loesungen/software/ecm/notes-web-content-management-media-suite.html]
[www.conet.de/DE/technologien/ibm/ibm-notes-domino.html]
[www.conet.de/DE/technologien/ibm/ibm-websphere.html]
[www.conet.de/DE/technologien/micro-focus.html]
[www.conet.de/DE/technologien/micro-focus/group/conet.html]
[www.conet.de/DE/technologien/micro-focus/netiq.html]
[www.conet.de/DE/technologien/micro-focus/netiq/group/conet.html]
[www.conet.de/DE/technologien/micro-focus/netiq/netiq-identity-management.html]
[www.conet.de/DE/technologien/micro-focus/netiq/netiq-access-management.html]
[www.conet.de/DE/technologien/micro-focus/netiq/netiq-platespin.html]
[www.conet.de/DE/technologien/micro-focus/novell.html]
[www.conet.de/DE/technologien/micro-focus/groupwise.html]
[www.conet.de/DE/technologien/micro-focus/vibe.html]
[www.conet.de/DE/technologien/micro-focus/novell/group/conet.html]
[www.conet.de/DE/technologien/micro-focus/novell/novell-filr.html]
[www.conet.de/DE/technologien/micro-focus/novell/novell-file-reporter.html]
[www.conet.de/DE/technologien/micro-focus/novell/novell-iprint.html]
[www.conet.de/DE/technologien/micro-focus/novell/novell-open-enterprise-server.html]
[www.conet.de/DE/technologien/micro-focus/novell/novell-storage-manager.html]
[www.conet.de/DE/technologien/micro-focus/novell/novell-zenworks.html]
[www.conet.de/DE/loesungen/infrastructure/it-security]
[www.conet.de/DE/technologien/micro-focus/novell/novell-zenworks-mobile-management.html]
[www.conet.de/DE/technologien/micro-focus/novell/quickstarts.html]
[www.conet.de/DE/technologien/microsoft/group/conet.html]
[www.conet.de/DE/technologien/microsoft/microsoft-active-directory.html]
[www.conet.de/DE/technologien/microsoft/microsoft-azure.html]
[www.conet.de/DE/technologien/microsoft/dynamics365.html]
[www.conet.de/DE/technologien/microsoft/microsoft-exchange-server.html]
[www.conet.de/DE/technologien/microsoft/microsoft-hololens.html]
[www.conet.de/DE/technologien/microsoft/microsoft-hyper-v.html]
[www.conet.de/DE/technologien/microsoft/microsoft-net.html]
[www.conet.de/DE/technologien/microsoft/microsoft-sharepoint.html]
[www.conet.de/DE/technologien/microsoft/microsoft-demopoint.html]
[www.conet.de/DE/technologien/microsoft/microsoft-sql-server.html]
[www.conet.de/DE/technologien/microsoft/microsoft-system-center.html]
[www.conet.de/DE/technologien/microsoft/microsoft-betrieb-sicherheit.html]
[www.conet.de/DE/technologien/open-source.html]
[www.conet.de/DE/technologien/oracle.html]
[www.conet.de/DE/technologien/red-hat.html]
[www.conet.de/DE/technologien/red-hat/group/conet.html]
[www.conet.de/DE/technologien/red-hat/red-hat-enterprise-linux.html]
[www.conet.de/DE/technologien/red-hat/jboss-application-server-jbpm.html]
[www.conet.de/DE/technologien/sap/sap-netweaver.html]
[www.conet.de/DE/loesungen/sap/business-process-management]
[www.conet.de/DE/loesungen/sap/sap-hana]
[www.conet.de/DE/technologien/sap.html]
[www.conet.de/DE/technologien/sap/group/conet.html]
[www.conet.de/DE/technologien/sap/sap-erp.html]
[www.conet.de/DE/loesungen/sap/sap-hana]
[www.conet.de/DE/technologien/sap/sap-hana.html]
[www.conet.de/DE/technologien/sap/sap-s4hana.html]
[www.conet.de/DE/technologien/sap/c4hana.html]
[www.conet.de/DE/technologien/sap/c4hana/group/conet.html]
[www.conet.de/DE/technologien/sap/c4hana/kontakt.html]
[www.conet.de/DE/loesungen/sap/user-experience/webinar-fiori.html]
[www.conet.de/DE/user-experience-design-_und_-user-experience-management]
[www.conet.de/DE/loesungen/sap/sap-hana]
[www.conet.de/DE/technologien/sap/sap-fiori.html]
[www.conet.de/DE/technologien/sap/sap-netweaver-business-process-management.html]
[www.conet.de/DE/technologien/sap/sap-netweaver-portal.html]
[www.conet.de/DE/technologien/suse.html]
[www.conet.de/DE/loesungen/sap/user-experience-design/sap-portal-bringt-alle-anwendungen-unter-ein-dach.html]
[www.conet.de/DE/technologien/suse/group/conet.html]
[www.conet.de/DE/technologien/suse/suse-linux-enterprise.html]
[www.conet.de/DE/technologien/suse/suse-linux-enterprise-server.html]
[www.conet.de/DE/technologien/suse/suse-linux-enterprise-desktop.html]
[www.conet.de/DE/technologien/vmware.html]
[www.conet.de/DE/technologien/vmware-virtualization-solutions-cloud-computing.html]
[www.conet.de/DE/technologien/vmware/group/conet.html]
[www.conet.de/DE/technologien/vmware/rechenzentrumsloesungen-vmware-vsphere.html]
[www.conet.de/DE/technologien/vmware/desktop-virtualisierung-vmware-view-und-vmware-thinapp.html]
[www.conet.de/DE/technologien/vmware/cloud-computing.html]
[www.conet.de/DE/technologien/weitere.html]
[www.conet.de/DE/technologien/weitere/group/conet.html]
[www.conet.de/DE/technologien/weitere/3cx.html]
[www.conet.de/DE/technologien/weitere/daccord.html]
[www.conet.de/DE/technologien/weitere/emc-rsa.html]
[www.conet.de/DE/technologien/weitere/ericom-connect.html]
[www.conet.de/DE/technologien/weitere/genua.html]
[www.conet.de/DE/technologien/microsoft/office-365]
[www.conet.de/DE/technologien/weitere/gwava.html]
[www.conet.de/DE/technologien/weitere/kemp-load-balancer.html]
[www.conet.de/DE/technologien/weitere/netapp.html]
[www.conet.de/DE/technologien/weitere/netapp/group/conet.html]
[www.conet.de/DE/technologien/weitere/netapp/storage-server-virtualisierung.html]
[www.conet.de/DE/technologien/weitere/netapp/netapp-storage-fuer-virtuelle-desktop-umgebungen.html]
[www.conet.de/DE/technologien/weitere/netapp/netapp-storage-fuer-business-continuity.html]
[www.conet.de/DE/technologien/weitere/pure-storage.html]
[www.conet.de/DE/technologien/weitere/sep-sesam.html]
[www.conet.de/C1257822003AF551/vwContentByKey/W2BFUAQC798CCHEDE/$FILE/sophos_gold_partner_icon_rgb-web-2.jpg]
[www.conet.de/DE/technologien/weitere/sophos.html]
[www.conet.de/DE/technologien/weitere/veeam.html]
[www.conet.de/C1257822003AD11B/RepositoryFile/Onepager/$File/jquery.minaf80.js]
[www.conet.de/C1257822003AD11B/RepositoryFile/Onepager/$FILE/spinneraf80.css]
[www.conet.de/C1257822003AD11B/RepositoryFile/Onepager/$FILE/bootstrap.minaf80.css]
[www.conet.de/C1257822003AD11B/RepositoryFile/cde_css/$FILE/formsaf80.css]
[www.conet.de/C1257822003AD11B/RepositoryFile/cde_css/$FILE/buttonsaf80.css]
[www.conet.de/C1257822003AD11B/RepositoryFile/cde_css/$FILE/conetaf80.css]
[www.conet.de/C1257822003AD11B/RepositoryFile/Onepager/$FILE/bootFolioaf80.css]
[www.conet.de/C1257822003AD11B/RepositoryFile/cde_css/$FILE/lazysizesaf80.css]
[www.conet.de/C1257822003AD11B/RepositoryFile/fontawesome/$FILE/fontawesome-free.minaf80.css]
[www.conet.de/C1257822003AD11B/RepositoryFile/fontawesome/$FILE/pe-icon-7-strokeaf80.css]
[www.conet.de/C1257822003AD11B/RepositoryFile/fontawesome/$FILE/ux-fontaf80.css]
[www.conet.de/C1257822003AD11B/RepositoryFile/fontawesome/$FILE/o365-fontaf80.css]
[www.conet.de/C1257822003AD11B/RepositoryFile/cde_css/$FILE/conet_de_sprites_repositoryaf80.css]
[www.conet.de/C1257822003AD11B/RepositoryFile/Onepager/$FILE/styleaf80.css]
[www.conet.de/C1257822003AD11B/RepositoryFile/cde_js/$FILE/ls.respimg.minaf80.js]
[www.conet.de/C1257822003AD11B/RepositoryFile/cde_js/$FILE/ls.optimumx.minaf80.js]
[www.conet.de/C1257822003AD11B/RepositoryFile/cde_js/$FILE/ls.blur-up.minaf80.js]
[www.conet.de/C1257822003AD11B/RepositoryFile/cde_js/$FILE/lazysizes.minaf80.js]
[www.conet.de/C1257822003AD11B/RepositoryFile/Onepager/$File/logo.png]
[www.conet.de/C1257822003AF551/vwContentByKey/W2BPZG24912CCHEDE/$FILE/Berlin header4.jpg]
[www.conet.de/C1257822003AF551/vwContentByKey/W2BJXDCY432CCHEDE/$FILE/Valerie Von Ribbentrop.jpg]
[www.conet.de/DE/conet-group/kontakt/ihr-weg-zu-uns/wegbeschreibungen/berlin.html]
[www.conet.de/DE/karriere/arbeiten-bei-conet/conet-solutions-gmbh/praktikum-werkstudent-abschlussarbeit-swe.html]
[www.conet.de/C1257822003AD11B/RepositoryFile/Onepager/$File/waypoints.minaf80.js]
[www.conet.de/C1257822003AD11B/RepositoryFile/Onepager/$File/bootstrap.minaf80.js]
[www.conet.de/C1257822003AD11B/RepositoryFile/Onepager/$File/jquery.prettyPhotoaf80.js]
[www.conet.de/C1257822003AD11B/RepositoryFile/Onepager/$File/jquery.counterup.minaf80.js]
[www.conet.de/C1257822003AD11B/RepositoryFile/Onepager/$File/jquery.bootFolioaf80.js]
[www.conet.de/C1257822003AD11B/RepositoryFile/Onepager/$File/jquery.easing.minaf80.js]
[www.conet.de/C1257822003AD11B/RepositoryFile/Onepager/$File/smoothscrollaf80.js]
[www.conet.de/C1257822003AD11B/RepositoryFile/Onepager/$File/scriptaf80.js]
[www.conet.de/DE/karriere/berlin.html]
[www.conet.de/DE/initiativbewerbung.html]
[www.conet.de/DE/karriere/arbeiten-bei-conet/group/conet.html]
[www.conet.de/DE/Karriere/Datenschutzerklaerung-Online-Bewerbung.html]
[www.conet.de/DE/karriere/arbeiten-bei-conet/tipps-zur-bewerbung.html]
[www.conet.de/DE/karriere/bauchgefuehl.html]
[www.conet.de/DE/karriere/chancen.html]
[www.conet.de/DE/initiativbewerbung/Bewerbung.html]
[www.conet.de/DE/karriere/chancen/group/conet.html]
[www.conet.de/DE/karriere/chancen/berufserfahrene.html]
[www.conet.de/DE/karriere/chancen/hochschulabsolventen.html]
[www.conet.de/DE/karriere/chancen/studierende_1.html]
[www.conet.de/DE/karriere/chancen/studierende/group/conet.html]
[www.conet.de/DE/online-bewerbung---studenten/Bewerbung.html]
[www.conet.de/DE/karriere/chancen/studierende/abschlussarbeit.html]
[www.conet.de/DE/karriere/stellenangebote/conet-technologies/ausbildungsbegleitendes-studium-wirtschaftsinformatik]
[www.conet.de/DE/karriere/stellenangebote/stellenangebot-nicht-mehr-aktuell.html]
[www.conet.de/DE/karriere/stellenangebote/conet-technologies/ausbildung-fachinformatiker-anwendungsentwicklung]
[www.conet.de/DE/karriere/stellenangebote/conet-technologies/ausbildung-kaufleute-fuer-bueromanagement.html]
[www.conet.de/DE/karriere/stellenangebote/conet-technologies/ausbildung-fachinformatiker-systemintegration.html]
[www.conet.de/DE/karriere/stellenangebote/conet-technologies/ausbildung-it-system-kaufleute.html]
[www.conet.de/DE/karriere/chancen/auszubildende.html]
[www.conet.de/DE/karriere/chancen/schueler.html]
[www.conet.de/DE/karriere/entwicklung-bei-conet.html]
[www.conet.de/DE/karriere/conet-zahlt-sich-aus.html]
[www.conet.de/DE/karriere/karriere-events.html]
[www.conet.de/DE/online-bewerbung---praktikanten/Bewerbung.html]
[www.conet.de/DE/karriere/events/2020/enter-zukunft-it.html]
[www.conet.de/DE/karriere/events/2020/group/conet.html]
[www.conet.de/DE/karriere/events/2020/tag-der-unternehmen-mainz.html]
[www.conet.de/DE/karriere/newsletter.html]
[www.conet.de/DE/karriere/videos.html]
[www.conet.de/DE/CONET/Kontakt/Ihr-Weg-zu-uns/Wegbeschreibungen/group/conet.html]
[www.conet.de/DE/CONET/Kontakt/Ihr-Weg-zu-uns/Wegbeschreibungen/Hennef-Humperdinckstrasse.html]
[www.conet.de/DE/CONET-Group/Kontakt/Ihr-Weg-zu-uns/Wegbeschreibungen/group/conet.html]
[www.conet.de/DE/CONET/Kontakt/Ihr-Weg-zu-uns/Wegbeschreibungen/Hennef.html]
[www.conet.de/DE/CONET/Kontakt/Ihr-Weg-zu-uns/Wegbeschreibungen/Augsburg.html]
[www.conet.de/DE/conet/kontakt/ihr-weg-zu-uns/wegbeschreibungen/group/conet-2.html]
[www.conet.de/DE/conet/kontakt/ihr-weg-zu-uns/wegbeschreibungen/augsburg-walchstrasse.html]
[www.conet.de/DE/conet/kontakt/ihr-weg-zu-uns/wegbeschreibungen/berlin.html]
[www.conet.de/DE/conet/kontakt/ihr-weg-zu-uns/wegbeschreibungen/berlin-chausseestrasse.html]
[www.conet.de/DE/conet/kontakt/ihr-weg-zu-uns/wegbeschreibungen/duesseldorf-1.html]
[www.conet.de/DE/CONET/Kontakt/Ihr-Weg-zu-uns/Wegbeschreibungen/Frankenthal.html]
[www.conet.de/DE/conet/kontakt/ihr-weg-zu-uns/wegbeschreibungen/frankfurt-am-main.html]
[www.conet.de/DE/conet-group/kontakt/ihr-weg-zu-uns/wegbeschreibungen/group/conet-2.html]
[www.conet.de/DE/conet-group/kontakt/ihr-weg-zu-uns/wegbeschreibungen/frankfurt-am-main-franklinstrasse.html]
[www.conet.de/DE/CONET/Kontakt/Ihr-Weg-zu-uns/Wegbeschreibungen/Koblenz.html]
[www.conet.de/DE/CONET/Kontakt/Ihr-Weg-zu-uns/Wegbeschreibungen/Ludwigsburg.html]
[www.conet.de/DE/conet/kontakt/ihr-weg-zu-uns/wegbeschreibungen/muenchen.html]
[www.conet.de/DE/conet/kontakt/ihr-weg-zu-uns/wegbeschreibungen/muenchen-parkring.html]
[www.conet.de/DE/CONET/Kontakt/Ihr-Weg-zu-uns/Wegbeschreibungen/Neubrandenburg.html]
[www.conet.de/DE/conet/kontakt/ihr-weg-zu-uns/wegbeschreibungen/niederkassel.html]
[www.conet.de/DE/CONET/Kontakt/Ihr-Weg-zu-uns/Wegbeschreibungen/Wien.html]
[www.conet.de/DE/conet/kontakt/ihr-weg-zu-uns/wegbeschreibungen/wien-nibelungengasse.html]
[www.conet.de/DE/conet/veranstaltungen/group/conet.html]
[www.conet.de/DE/conet/presse/2020/group/conet.html]
[www.conet.de/DE/conet/kontakt/expressberatung-homeoffice-remote-zugriff.html]
[www.conet.de/DE/conet/veranstaltungen/webinare/group/conet.html]
[www.conet.de/DE/loesungen/consulting/eu-datenschutz-grundverordnung/group/conet.html]
[www.conet.de/DE/loesungen/consulting/eu-datenschutz-grundverordnung/index.html]
[www.conet.de/DE/conet/veranstaltungen/2020/group/conet.html]
[www.conet.de/DE/conet/presse/group/conet.html]
[www.conet.de/DE/karriere/group/conet-2.html]
[www.conet.de/DE/conet/presse/2015/group/conet.html]
[www.conet.de/DE/conet/presse/2015/07.12.html]
[www.conet.de/DE/technologien/group/conet.html]
[www.conet.de/DE/CONET-Group/Kontakt/Ihr-Weg-zu-uns/Wegbeschreibungen/Hennef.html]
[www.conet.de/DE/loesungen/consulting/group/conet.html]
[www.conet.de/DE/conet/presse/2019/group/conet.html]
[www.conet.de/DE/conet/veranstaltungen/2019/pits.html]
[www.conet.de/DE/conet/presse/2019/conet-soc-betriebsbereit.html]
[www.conet.de/DE/conet/presse/2019/neuer-geschaeftsbereich-cyber-security-consulting.html]
[www.conet.de/C1257822003AD11B/RepositoryFile/cde_js/$File/jquery.rwdImageMaps.min.js]
[www.conet.de/DE/loesungen/sap.html]
[www.conet.de/DE/loesungen/software.html]
[www.conet.de/DE/conet/ueber-conet/group/conet.html]
[www.conet.de/DE/conet/presse-2.html]
[www.conet.de/DE/conet/veranstaltungen/2019/internet-security-days.html]
[www.conet.de/DE/conet/veranstaltungen/2019/it-sa.html]
[www.conet.de/DE/loesungen/digital-communications-e-commerce/group/conet.html]
[www.conet.de/DE/loesungen/digital-communications-e-commerce/digital-communications.html]
[www.conet.de/DE/conet/partner/group/conet.html]
[www.conet.de/DE/loesungen/software/ecm/dokumentenmanagement-dms.html]
[www.conet.de/DE/CONET-Group/Kontakt/Ihr-Weg-zu-uns/Wegbeschreibungen/niederkassel.html]
[www.conet.de/DE/technologien/microsoft/office-365]
[www.conet.de/DE/technologien/microsoft/office-365]
[www.conet.de/DE/loesungen/social-collaboration/booklet-erfolgreiche-collaboration.html]
[www.conet.de/DE/loesungen/social-collaboration/whitepaper-social-collaboration-in-projekten.html]
[www.conet.de/DE/loesungen/social-collaboration/praesentation-digitale-arbeitswelt.html]
[www.conet.de/DE/loesungen/social-collaboration/referenz-social-collaboration-plattform.html]
[www.conet.de/DE/loesungen/social-collaboration/checkliste-social-collaboration.html]
[www.conet.de/DE/loesungen/software/social-collaboration.html]
[www.conet.de/DE/loesungen/software/agile-software-development.html]
[www.conet.de/DE/conet-group/kunden/group/conet.html]
[www.conet.de/DE/loesungen/software/devops-by-conet.html]
[www.conet.de/DE/startseite/social-media/group/conet.html]
[connect.facebook.net/de_DE/all.js]
[www.conet.de/DE/loesungen/social-collaboration/referenz-projekte-im-griff.html]
[www.conet.de/DE/loesungen/social-collaboration/loesung-zusammenarbeit-im-team.html]
[www.conet.de/DE/conet/presse/2020/conet-beteiligt-sich-mit-webinar-und-videointerview-am-digitaltag-2020.html]
[www.conet.de/DE/conet/presse/2020/kampf-gegen-corona-conet-tochter-procon-unterstuetzt-projekt-leoss.html]
[www.conet.de/DE/loesungen/infrastructure/group/conet.html]
[www.conet.de/DE/loesungen/experts/group/conet.html]
[www.conet.de/DE/CONET-Group/Kontakt/Ihr-Weg-zu-uns/Wegbeschreibungen/Frankfurt-am-Main-Franklinstraße.html]
[www.conet.de/DE/loesungen/experts/mobility/group/conet.html]
[www.conet.de/DE/loesungen/mobility/group/conet.html]
[www.conet.de/DE/conet/veranstaltungen/2020/digitaltag-2020.html]
[www.conet.de/DE/Loesungen/Mobility/group/conet-2.html]
[www.conet.de/DE/Loesungen/Mobility/Glossar.html]
[www.conet.de/DE/loesungen/mobility/apps-zeiterfassung.html]
[www.conet.de/DE/loesungen/mobility/apps-logistics.html]
[www.conet.de/DE/loesungen/mobility/prezi-mobile-prozesse.html]
[www.conet.de/DE/CONET-Group/Kontakt/Ihr-Weg-zu-uns/Wegbeschreibungen/Athen.html]
[www.conet.de/DE/loesungen/sap/mobility/group/conet.html]
[www.conet.de/DE/loesungen/group/conet.html]
[www.conet.de/DE/CONET-Group/Kontakt/Ihr-Weg-zu-uns/Wegbeschreibungen/Koblenz.html]
[www.conet.de/DE/loesungen/consulting/customer-experience/group/conet.html]
[www.conet.de/DE/loesungen/software/group/conet.html]
[www.conet.de/DE/loesungen/sap/group/conet.html]
[www.conet.de/DE/CONET-Group/Kontakt/Ihr-Weg-zu-uns/Wegbeschreibungen/Ludwigsburg.html]
[www.conet.de/DE/loesungen/software/collaboration/group/conet.html]
[www.conet.de/DE/loesungen/software/collaboration/migration/referenzen.html]
[www.conet.de/DE/loesungen/software/collaboration/ibm-notes-migration.html]
[www.conet.de/DE/loesungen/software/collaboration/migration/whitepaper.html]
[www.conet.de/DE/loesungen/sap/user-experience/webinar-screen-personas.html]
[www.conet.de/DE/technologien/sap/sap-screen-personas.html]
[www.conet.de/DE/loesungen/sap/business-intelligence/group/conet.html]
[www.conet.de/DE/loesungen/sap/accounting/group/conet.html]
[www.conet.de/DE/loesungen/sap/user-experience/workshop-screen-personas.html]
[www.conet.de/DE/loesungen/sap/user-experience/loesung-screen-personas.html]
[www.conet.de/DE/loesungen/sap/human-capital-management/group/conet.html]
[www.conet.de/DE/loesungen/sap/human-capital-management/sap-successfactors.html]
[www.conet.de/DE/loesungen/sap/human-capital-management/sap-travel-management.html]
[www.conet.de/DE/loesungen/software/agile-software-entwicklung/group/conet.html]
[www.conet.de/DE/loesungen/sap/logistik/group/conet.html]
[www.conet.de/DE/CONET-Group/Kontakt/Ihr-Weg-zu-uns/Wegbeschreibungen/Wien.html]
[www.conet.de/DE/loesungen/communications/group/conet.html]
[www.conet.de/DE/conet/presse/2019/conet-buendelt-leistungsportfolio-kommunikationssysteme-in-conet-communications-gmbh.html]
[www.conet.de/DE/loesungen/communications/einsatzleitstellensysteme-conet-uc-radio-suite/group/conet.html]
[www.conet.de/DE/CONET-Group/Partner/group/conet.html]
[www.conet.de/DE/CONET-Group/Partner/Strategischer-Partner-Cisco.html]
[www.conet.de/DE/Technologien/group/conet-2.html]
[www.conet.de/DE/Technologien/Cisco-2.html]
[www.conet.de/DE/loesungen/communications/einsatzleitstellensysteme-conet-uc-radio-suite/architektur-technik/group/conet.html]
[www.conet.de/DE/loesungen/communications/leitstellenkommunikation-fuer-einsatzleitsysteme/group/conet.html]
[www.conet.de/DE/conet/presse/2011/group/conet.html]
[www.conet.de/DE/conet/presse/2011/14.12.html]
[www.conet.de/DE/loesungen/communications/leitstellenkommunikation-fuer-einsatzleitsysteme/branchen-loesungen/group/conet.html]
[www.conet.de/DE/conet/kunden-branchen/group/conet.html]
[www.conet.de/DE/conet/kunden-branchen/e-government/group/conet.html]
[www.conet.de/DE/loesungen/software/enterprise-content-management.html]
[www.conet.de/DE/technologien/cisco/group/conet.html]
[www.conet.de/DE/technologien/citrix/group/conet.html]
[www.conet.de/DE/technologien/ibm/group/conet.html]
[www.conet.de/DE/loesungen/software/buergerportale.html]
[www.conet.de/DE/Loesungen/Produktloesungen/group/conet.html]
[www.conet.de/DE/Loesungen/Produktloesungen/CONET-Helper-Suite.html]
[www.conet.de/DE/loesungen/software/ecm/group/conet.html]
[www.conet.de/DE/technologien/micro-focus/group/conet.html]
[www.conet.de/DE/technologien/micro-focus/netiq/group/conet.html]
[www.conet.de/DE/technologien/micro-focus/novell/group/conet.html]
[www.conet.de/DE/technologien/microsoft/group/conet.html]
[www.conet.de/DE/technologien/red-hat/group/conet.html]
[www.conet.de/DE/technologien/sap/sap-netweaver.html]
[www.conet.de/DE/technologien/sap/group/conet.html]
[www.conet.de/DE/technologien/sap/c4hana/group/conet.html]
[www.conet.de/DE/loesungen/software/social-collaboration/helper-suite-for-ibm-connections.html]
[www.conet.de/DE/loesungen/sap/user-experience/group/conet.html]
[www.conet.de/DE/loesungen/sap/user-experience/webinar-fiori.html]
[www.conet.de/DE/loesungen/sap/user-experience-design/group/conet.html]
[www.conet.de/DE/loesungen/sap/user-experience-design/sap-portal-bringt-alle-anwendungen-unter-ein-dach.html]
[www.conet.de/DE/technologien/suse/group/conet.html]
[www.conet.de/DE/technologien/vmware/group/conet.html]
[www.conet.de/DE/technologien/weitere/group/conet.html]
[www.conet.de/DE/technologien/weitere/netapp/group/conet.html]
[www.conet.de/C1257822003AD11B/RepositoryFile/Onepager/$File/jquery.minaf80.js]
[www.conet.de/C1257822003AD11B/RepositoryFile/Onepager/$FILE/spinneraf80.css]
[www.conet.de/C1257822003AD11B/RepositoryFile/Onepager/$FILE/bootstrap.minaf80.css]
[www.conet.de/C1257822003AD11B/RepositoryFile/cde_css/$FILE/formsaf80.css]
[www.conet.de/DE/loesungen/sap/user-experience/design-thinking.html]
[www.conet.de/C1257822003AD11B/RepositoryFile/cde_img/$FILE/mail_btn.png]
[www.conet.de/C1257822003AD11B/RepositoryFile/cde_css/$FILE/buttonsaf80.css]
[www.conet.de/C1257822003AD11B/RepositoryFile/cde_img/$FILE/dl.png]
[www.conet.de/C1257822003AD11B/RepositoryFile/Onepager/$FILE/bootFolioaf80.css]
[www.conet.de/C1257822003AD11B/RepositoryFile/cde_img/$FILE/stripes.png]
[www.conet.de/C1257822003AD11B/RepositoryFile/cde_img/$FILE/footer-connect.png]
[www.conet.de/C1257822003AD11B/RepositoryFile/cde_css/$FILE/conetaf80.css]
[www.conet.de/C1257822003AD11B/RepositoryFile/cde_css/$FILE/lazysizesaf80.css]
[www.conet.de/C1257822003AD11B/RepositoryFile/fontawesome/$FILE/fa-brands-400.eot]
[www.conet.de/C1257822003AD11B/RepositoryFile/fontawesome/$FILE/fa-brands-400d41d.eot]
[www.conet.de/C1257822003AD11B/RepositoryFile/fontawesome/$FILE/fa-brands-400.woff2]
[www.conet.de/C1257822003AD11B/RepositoryFile/fontawesome/$FILE/fa-brands-400.woff]
[www.conet.de/C1257822003AD11B/RepositoryFile/fontawesome/$FILE/fa-brands-400.ttf]
[www.conet.de/C1257822003AD11B/RepositoryFile/fontawesome/$FILE/fa-brands-400.svg]
[www.conet.de/C1257822003AD11B/RepositoryFile/fontawesome/$FILE/fa-regular-400.eot]
[www.conet.de/C1257822003AD11B/RepositoryFile/fontawesome/$FILE/fa-regular-400.woff2]
[www.conet.de/C1257822003AD11B/RepositoryFile/fontawesome/$FILE/fa-regular-400d41d.eot]
[www.conet.de/C1257822003AD11B/RepositoryFile/fontawesome/$FILE/fa-regular-400.woff]
[www.conet.de/C1257822003AD11B/RepositoryFile/fontawesome/$FILE/fa-regular-400.ttf]
[www.conet.de/C1257822003AD11B/RepositoryFile/fontawesome/$FILE/fa-regular-400.svg]
[www.conet.de/C1257822003AD11B/RepositoryFile/fontawesome/$FILE/fa-solid-900.eot]
[www.conet.de/C1257822003AD11B/RepositoryFile/fontawesome/$FILE/fa-solid-900.woff2]
[www.conet.de/C1257822003AD11B/RepositoryFile/fontawesome/$FILE/fa-solid-900d41d.eot]
[www.conet.de/C1257822003AD11B/RepositoryFile/fontawesome/$FILE/fa-solid-900.woff]
[www.conet.de/C1257822003AD11B/RepositoryFile/fontawesome/$FILE/fa-solid-900.ttf]
[www.conet.de/C1257822003AD11B/RepositoryFile/fontawesome/$FILE/fontawesome-free.minaf80.css]
[www.conet.de/C1257822003AD11B/RepositoryFile/fontawesome/$FILE/fa-solid-900.svg]
[www.conet.de/C1257822003AD11B/RepositoryFile/fontawesome/$FILE/Pe-icon-7-stroke.eot]
[www.conet.de/C1257822003AD11B/RepositoryFile/fontawesome/$FILE/Pe-icon-7-stroke.woff]
[www.conet.de/C1257822003AD11B/RepositoryFile/fontawesome/$FILE/Pe-icon-7-stroke.ttf]
[www.conet.de/C1257822003AD11B/RepositoryFile/fontawesome/$FILE/pe-icon-7-strokeaf80.css]
[www.conet.de/C1257822003AD11B/RepositoryFile/fontawesome/$FILE/Pe-icon-7-stroke.svg]
[www.conet.de/C1257822003AD11B/RepositoryFile/fontawesome/$FILE/ux-webfont.eot]
[www.conet.de/C1257822003AD11B/RepositoryFile/fontawesome/$FILE/ux-webfontd41d.eot]
[www.conet.de/C1257822003AD11B/RepositoryFile/fontawesome/$FILE/ux-webfont.woff2]
[www.conet.de/C1257822003AD11B/RepositoryFile/fontawesome/$FILE/ux-webfont.woff]
[www.conet.de/C1257822003AD11B/RepositoryFile/fontawesome/$FILE/ux-fontaf80.css]
[www.conet.de/C1257822003AD11B/RepositoryFile/fontawesome/$FILE/ux-webfont.ttf]
[www.conet.de/C1257822003AD11B/RepositoryFile/fontawesome/$FILE/ux-webfont.svg]
[www.conet.de/C1257822003AD11B/RepositoryFile/fontawesome/$FILE/365-webfont.eot]
[www.conet.de/C1257822003AD11B/RepositoryFile/fontawesome/$FILE/365-webfontd41d.eot]
[www.conet.de/C1257822003AD11B/RepositoryFile/fontawesome/$FILE/365-webfont.html]
[www.conet.de/C1257822003AD11B/RepositoryFile/fontawesome/$FILE/365-webfont.woff]
[www.conet.de/C1257822003AD11B/RepositoryFile/fontawesome/$FILE/o365-fontaf80.css]
[www.conet.de/C1257822003AD11B/RepositoryFile/fontawesome/$FILE/365-webfont.ttf]
[www.conet.de/C1257822003AD11B/RepositoryFile/fontawesome/$FILE/365-webfont.svg]
[www.conet.de/C1257822003AD11B/RepositoryFile/Onepager/$FILE/styleaf80.css]
[www.conet.de/C1257822003AD11B/RepositoryFile/cde_img_sprites/$FILE/sprites.min.png]
[www.conet.de/C1257822003AD11B/RepositoryFile/cde_css/$FILE/conet_de_sprites_repositoryaf80.css]
[www.conet.de/C1257822003AD11B/RepositoryFile/cde_js/$FILE/ls.respimg.minaf80.js]
[www.conet.de/C1257822003AD11B/RepositoryFile/cde_js/$FILE/ls.optimumx.minaf80.js]
[www.conet.de/C1257822003AD11B/RepositoryFile/cde_js/$FILE/ls.blur-up.minaf80.js]
[www.conet.de/C1257822003AD11B/RepositoryFile/cde_js/$FILE/lazysizes.minaf80.js]
[www.conet.de/DE/conet-group/kontakt/ihr-weg-zu-uns/wegbeschreibungen/berlin.html]
[www.conet.de/DE/karriere/arbeiten-bei-conet/conet-solutions-gmbh/group/conet.html]
[www.conet.de/DE/karriere/arbeiten-bei-conet/conet-solutions-gmbh/praktikum-werkstudent-abschlussarbeit-swe.html]
[www.conet.de/DE/karriere/Popover requires tooltip.html]
[www.conet.de/DE/karriere/arbeiten-bei-conet/conet-solutions-gmbh/praktikum-werkstudent-abschlussarbeit-swe/Bewerbung.html]
[www.conet.de/C1257822003AD11B/RepositoryFile/Onepager/$File/bootstrap.minaf80.js]
[www.conet.de/C1257822003AD11B/RepositoryFile/Onepager/$File/waypoints.minaf80.js]
[www.conet.de/C1257822003AD11B/RepositoryFile/Onepager/$File/jquery.prettyPhotoaf80.js]
[www.conet.de/C1257822003AD11B/RepositoryFile/Onepager/$File/jquery.counterup.minaf80.js]
[www.conet.de/C1257822003AD11B/RepositoryFile/Onepager/$File/jquery.bootFolioaf80.js]
[www.conet.de/C1257822003AD11B/RepositoryFile/Onepager/$File/jquery.easing.minaf80.js]
[www.conet.de/C1257822003AD11B/RepositoryFile/Onepager/$File/smoothscrollaf80.js]
[www.conet.de/C1257822003AD11B/RepositoryFile/Onepager/$File/scriptaf80.js]
[www.conet.de/DE/karriere/youtu.be/index.html]
[www.conet.de/DE/Karriere/Datenschutzerklaerung-Online-Bewerbung.html]
[www.conet.de/DE/karriere/arbeiten-bei-conet/group/conet.html]
[www.conet.de/DE/karriere/datenschutzerklaerung-online-bewerbung-2.html]
[www.conet.de/DE/initiativbewerbung/group/conet.html]
[www.conet.de/DE/initiativbewerbung/Bewerbung.html]
[www.conet.de/DE/karriere/chancen/group/conet.html]
[www.conet.de/DE/online-bewerbung---studenten/Bewerbung.html]
[www.conet.de/DE/online-bewerbung---studenten/group/conet.html]
[www.conet.de/DE/online-bewerbung---studenten.html]
[www.conet.de/DE/karriere/chancen/studierende/group/conet.html]
[www.conet.de/DE/karriere/stellenangebote/group/conet.html]
[www.conet.de/DE/karriere/arbeiten-bei-conet/aktuelle-stellenangebote]
[www.conet.de/DE/karriere/stellenangebote/stellenangebot-nicht-mehr-aktuell.html]
[www.conet.de/DE/karriere/stellenangebote/conet-technologies/group/conet.html]
[www.conet.de/DE/karriere/stellenangebote/conet-technologies/ausbildung-fachinformatiker-systemintegration.html]
[www.conet.de/DE/karriere/stellenangebote/conet-technologies/ausbildung-fachinformatiker-systemintegration/Bewerbung.html]
[www.conet.de/DE/karriere/stellenangebote/conet-technologies/ausbildung-kaufleute-fuer-bueromanagement.html]
[www.conet.de/DE/karriere/stellenangebote/conet-technologies/ausbildung-kaufleute-fuer-bueromanagement/Bewerbung.html]
[www.conet.de/domjs/dojo-1.6.1/dojo/dojo.js]
[www.conet.de/xsp/.ibmxspres/.mini/dojo-1.6.1/.en/@Iq.js]
[www.conet.de/domjava/xsp/theme/oneui/core.css]
[www.conet.de/domjava/xsp/theme/oneui/coreLTR.css]
[www.conet.de/domjava/xsp/theme/oneui/defaultTheme.css]
[www.conet.de/domjava/xsp/theme/oneui/defaultThemeLTR.css]
[www.conet.de/domjava/xsp/theme/oneui/xsp.css]
[www.conet.de/domjava/xsp/theme/oneui/xspLTR.css]
[www.conet.de/group/conet.nsf/cms.css]
[www.conet.de/DE/karriere/stellenangebote/conet-technologies/ausbildung-it-system-kaufleute.html]
[www.conet.de/DE/online-bewerbung---praktikanten/group/conet.html]
[www.conet.de/DE/online-bewerbung---praktikanten/Bewerbung.html]
[www.conet.de/DE/karriere/events/2020/enter-zukunft-it.html]
[www.conet.de/DE/karriere/events/2020/group/conet.html]
[www.conet.de/DE/CONET/Kontakt/Ihr-Weg-zu-uns/Wegbeschreibungen/group/conet.html]
[www.conet.de/DE/conet/kontakt/ihr-weg-zu-uns/wegbeschreibungen/group/conet-2.html]
[www.conet.de/DE/conet-group/kontakt/ihr-weg-zu-uns/wegbeschreibungen/group/conet-2.html]
[www.conet.de/DE/loesungen/consulting/eu-datenschutz-grundverordnung/group/conet.html]
[www.conet.de/DE/conet/presse/2015/group/conet.html]
[www.conet.de/DE/conet/presse/2019/group/conet.html]
[www.conet.de/DE/online-bewerbung---praktikanten.html]
[www.conet.de/DE/conet/veranstaltungen/2019/group/conet.html]
[www.conet.de/DE/conet/veranstaltungen/2019/pits.html]
[www.conet.de/DE/conet/veranstaltungen/2019/internet-security-days.html]
[www.conet.de/DE/conet/veranstaltungen/2019/it-sa.html]
[www.conet.de/DE/loesungen/digital-communications-e-commerce/group/conet.html]
[www.conet.de/DE/CONET-Group/Kontakt/Ihr-Weg-zu-uns/Wegbeschreibungen/niederkassel.html]
[www.conet.de/DE/loesungen/social-collaboration/group/conet.html]
[www.conet.de/DE/loesungen/social-collaboration/booklet-erfolgreiche-collaboration.html]
[www.conet.de/DE/loesungen/social-collaboration/whitepaper-social-collaboration-in-projekten.html]
[www.conet.de/DE/loesungen/social-collaboration/praesentation-digitale-arbeitswelt.html]
[www.conet.de/DE/loesungen/social-collaboration/checkliste-social-collaboration.html]
[www.conet.de/DE/loesungen/social-collaboration/referenz-social-collaboration-plattform.html]
[www.conet.de/DE/loesungen/social-collaboration/referenz-projekte-im-griff.html]
[www.conet.de/DE/loesungen/social-collaboration/loesung-zusammenarbeit-im-team.html]
[www.conet.de/DE/conet/veranstaltungen/2020/digitaltag-2020.html]
[www.conet.de/DE/Loesungen/Mobility/group/conet-2.html]
[www.conet.de/DE/loesungen/software/collaboration/group/conet.html]
[www.conet.de/DE/loesungen/software/social-collaboration/digital-workplace.html]
[www.conet.de/DE/loesungen/software/collaboration/migration/group/conet.html]
[www.conet.de/DE/loesungen/software/collaboration/migration/referenzen.html]
[www.conet.de/DE/loesungen/software/collaboration/migration/whitepaper.html]
[www.conet.de/DE/loesungen/sap/user-experience/booklet-7-todsuenden-ux.html]
[www.conet.de/DE/loesungen/sap/user-experience/webinar-screen-personas.html]
[www.conet.de/DE/loesungen/sap/user-experience/workshop-screen-personas.html]
[www.conet.de/DE/loesungen/sap/user-experience/loesung-screen-personas.html]
[www.conet.de/DE/loesungen/sap/human-capital-management/group/conet.html]
[www.conet.de/DE/CONET-Group/Partner/group/conet.html]
[www.conet.de/DE/Technologien/group/conet-2.html]
[www.conet.de/DE/conet/presse/2011/group/conet.html]
[www.conet.de/DE/loesungen/sap/user-experience/presentation-ux-webinar.html]
[www.conet.de/DE/technologien/microsoft/office-365]
[www.conet.de/DE/loesungen/software/buergerportale.html]
[www.conet.de/DE/loesungen/software/social-collaboration/group/conet.html]
[www.conet.de/DE/loesungen/software/social-collaboration/helper-suite-for-ibm-connections.html]
[www.conet.de/DE/Loesungen/Produktloesungen/group/conet.html]
[www.conet.de/DE/loesungen/sap/user-experience/group/conet.html]
[www.conet.de/DE/loesungen/sap/user-experience-design/group/conet.html]
[www.conet.de/DE/loesungen/sap/user-experience/design-thinking.html]
[www.conet.de/C1257822003AD11B/RepositoryFile/fontawesome/$FILE/fa-brands-400.svg]
[www.conet.de/C1257822003AD11B/RepositoryFile/fontawesome/$FILE/fa-regular-400.svg]
[www.conet.de/C1257822003AD11B/RepositoryFile/fontawesome/$FILE/fa-solid-900.svg]
[www.conet.de/C1257822003AD11B/RepositoryFile/fontawesome/$FILE/Pe-icon-7-stroke.svg]
[www.conet.de/C1257822003AD11B/RepositoryFile/fontawesome/$FILE/ux-webfont.svg]
[www.conet.de/C1257822003AD11B/RepositoryFile/fontawesome/$FILE/365-webfont.html]
[www.conet.de/C1257822003AD11B/RepositoryFile/fontawesome/$FILE/365-webfont.svg]
[www.conet.de/DE/karriere/arbeiten-bei-conet/conet-solutions-gmbh/group/conet.html]
[www.conet.de/DE/karriere/arbeiten-bei-conet/conet-solutions-gmbh/praktikum-werkstudent-abschlussarbeit-swe/group/conet.html]
[www.conet.de/DE/karriere/arbeiten-bei-conet/conet-solutions-gmbh/praktikum-werkstudent-abschlussarbeit-swe/Bewerbung.html]
[www.conet.de/DE/karriere/Popover requires tooltip.html]
[www.conet.de/DE/karriere/youtu.be/index.html]
[www.conet.de/DE/karriere/datenschutzerklaerung-online-bewerbung-2.html]
[www.conet.de/DE/initiativbewerbung/group/conet.html]
[www.conet.de/DE/online-bewerbung---studenten.html]
[www.conet.de/DE/online-bewerbung---studenten/group/conet.html]
[www.conet.de/DE/karriere/stellenangebote/group/conet.html]
[www.conet.de/DE/karriere/stellenangebote/conet-technologies/group/conet.html]
[www.conet.de/DE/karriere/stellenangebote/conet-technologies/ausbildung-fachinformatiker-systemintegration/group/conet.html]
[www.conet.de/DE/karriere/stellenangebote/conet-technologies/ausbildung-fachinformatiker-systemintegration/Bewerbung.html]
[www.conet.de/DE/karriere/stellenangebote/conet-technologies/ausbildung-kaufleute-fuer-bueromanagement/group/conet.html]
[www.conet.de/DE/karriere/stellenangebote/conet-technologies/ausbildung-kaufleute-fuer-bueromanagement/Bewerbung.html]
[www.conet.de/DE/karriere/stellenangebote/conet-technologies/GET.html]
[www.conet.de/domjs/dojo-1.6.1/dojo/dojo.js]
[www.conet.de/domjava/xsp/theme/oneui/core.css]
[www.conet.de/domjava/xsp/theme/oneui/coreLTR.css]
[www.conet.de/DE/karriere/stellenangebote/conet-technologies/^(([^_/indexd41d.html]
[www.conet.de/DE/karriere/stellenangebote/conet-technologies/WebKit/index.html]
[www.conet.de/DE/karriere/stellenangebote/conet-technologies/Version/index.html]
[www.conet.de/DE/karriere/stellenangebote/conet-technologies/Chrome/index.html]
[www.conet.de/DE/karriere/stellenangebote/conet-technologies/Firefox/index.html]
[www.conet.de/DE/karriere/stellenangebote/conet-technologies/Minefield/index.html]
[www.conet.de/domjava/xsp/theme/oneui/images/background.png]
[www.conet.de/domjava/xsp/theme/oneui/images/sidebar.gif]
[www.conet.de/domjava/xsp/theme/oneui/images/iconRelatedTag.gif]
[www.conet.de/domjava/xsp/theme/oneui/images/arrows.gif]
[www.conet.de/domjava/xsp/theme/oneui/images/btnBkgd.png]
[www.conet.de/domjava/xsp/theme/oneui/images/views.gif]
[www.conet.de/domjava/xsp/theme/oneui/images/actionMenuBkgd.gif]
[www.conet.de/domjava/xsp/theme/oneui/images/checkmark.gif]
[www.conet.de/domjava/xsp/theme/oneui/images/iconSendMail.gif]
[www.conet.de/domjava/xsp/theme/oneui/images/bcDropDown.gif]
[www.conet.de/domjava/xsp/theme/oneui/images/bcDropDownHover.gif]
[www.conet.de/domjava/xsp/theme/oneui/images/buttonBkgd.png]
[www.conet.de/domjava/xsp/theme/oneui/images/btnActionBkgd.png]
[www.conet.de/domjava/xsp/theme/oneui/images/btnSpecialBkgd.png]
[www.conet.de/domjava/xsp/theme/oneui/images/commentPoint.gif]
[www.conet.de/domjava/xsp/theme/oneui/images/commentPointOwner.gif]
[www.conet.de/domjava/xsp/theme/oneui/images/commentPointMy.gif]
[www.conet.de/domjava/xsp/theme/oneui/images/commentPointPersonCard.gif]
[www.conet.de/domjava/xsp/theme/oneui/images/ibmLogo.gif]
[www.conet.de/domjava/xsp/theme/oneui/images/helpBkgd.png]
[www.conet.de/domjava/xsp/theme/oneui/images/menuTop.gif]
[www.conet.de/domjava/xsp/theme/oneui/images/menuBottom.gif]
[www.conet.de/domjava/xsp/theme/oneui/images/menuMiddle.gif]
[www.conet.de/domjava/xsp/theme/oneui/images/placeBar.png]
[www.conet.de/domjava/xsp/theme/oneui/images/searchArrowClosed.gif]
[www.conet.de/domjava/xsp/theme/oneui/images/searchArrowHover.gif]
[www.conet.de/domjava/xsp/theme/oneui/images/searchArrowOpen.gif]
[www.conet.de/domjava/xsp/theme/oneui/images/searchArrowOpenHover.gif]
[www.conet.de/domjava/xsp/theme/oneui/images/sortAscending.gif]
[www.conet.de/domjava/xsp/theme/oneui/images/sortDescending.gif]
[www.conet.de/domjava/xsp/theme/oneui/images/btnDropDown.gif]
[www.conet.de/domjava/xsp/theme/oneui/images/btnDropDownAction.gif]
[www.conet.de/domjava/xsp/theme/oneui/images/iconTags.gif]
[www.conet.de/domjava/xsp/theme/oneui/images/titlebarMid.png]
[www.conet.de/domjava/xsp/theme/oneui/images/orgParentNode.gif]
[www.conet.de/domjava/xsp/theme/oneui/images/orgTopNode.gif]
[www.conet.de/domjava/xsp/theme/oneui/images/orgBottomNode.gif]
[www.conet.de/domjava/xsp/theme/oneui/images/iconMoreAppsClosed.gif]
[www.conet.de/domjava/xsp/theme/oneui/images/iconMoreAppsOpen.gif]
[www.conet.de/domjava/xsp/theme/oneui/images/aboutBkgd.png]
[www.conet.de/domjava/xsp/theme/oneui/images/loginBkgd.png]
[www.conet.de/domjava/xsp/theme/oneui/images/colBkgd160.gif]
[www.conet.de/domjava/xsp/theme/oneui/defaultTheme.css]
[www.conet.de/domjava/xsp/theme/oneui/images/formBtnBg.gif]
[www.conet.de/domjava/xsp/theme/oneui/images/titlebarRight.png]
[www.conet.de/domjava/xsp/theme/oneui/images/titlebarLeft.png]
[www.conet.de/domjava/xsp/theme/oneui/images/leftTab.gif]
[www.conet.de/domjava/xsp/theme/oneui/images/rightTab.gif]
[www.conet.de/domjava/xsp/theme/oneui/images/leftTabSelected.gif]
[www.conet.de/domjava/xsp/theme/oneui/images/rightTabSelected.gif]
[www.conet.de/domjava/xsp/theme/oneui/defaultThemeLTR.css]
[www.conet.de/domjava/xsp/theme/oneui/xsp.css]
[www.conet.de/domjava/xsp/theme/oneui/images/validationInputBg.gif]
[www.conet.de/domjava/xsp/theme/oneui/images/iconDateTimePicker.png]
[www.conet.de/domjava/xsp/theme/oneui/images/iconDatePicker.gif]
[www.conet.de/domjava/xsp/theme/oneui/images/iconTimePicker.png]
[www.conet.de/domjava/xsp/theme/oneui/xspLTR.css]
[www.conet.de/group/conet.nsf/loader_32.gif]
[www.conet.de/group/conet.nsf/orange_arrow.gif]
[www.conet.de/group/conet.nsf/cmstree_sprites.gif]
[www.conet.de/group/conet.nsf/flags/cn.gif]
[www.conet.de/group/conet.nsf/flags/cz.gif]
[www.conet.de/group/conet.nsf/flags/de.gif]
[www.conet.de/group/conet.nsf/flags/fr.gif]
[www.conet.de/group/conet.nsf/flags/es.gif]
[www.conet.de/group/conet.nsf/flags/gb.gif]
[www.conet.de/group/conet.nsf/flags/gr.gif]
[www.conet.de/group/conet.nsf/flags/hu.gif]
[www.conet.de/group/conet.nsf/flags/in.gif]
[www.conet.de/group/conet.nsf/flags/it.gif]
[www.conet.de/group/conet.nsf/flags/jp.gif]
[www.conet.de/group/conet.nsf/flags/kr.gif]
[www.conet.de/group/conet.nsf/flags/lk.gif]
[www.conet.de/group/conet.nsf/flags/nl.gif]
[www.conet.de/group/conet.nsf/flags/ph.gif]
[www.conet.de/group/conet.nsf/flags/pl.gif]
[www.conet.de/group/conet.nsf/flags/pt.gif]
[www.conet.de/group/conet.nsf/flags/ro.gif]
[www.conet.de/group/conet.nsf/flags/ru.gif]
[www.conet.de/group/conet.nsf/flags/se.gif]
[www.conet.de/group/conet.nsf/flags/sk.gif]
[www.conet.de/group/conet.nsf/flags/th.gif]
[www.conet.de/group/conet.nsf/flags/tr.gif]
[www.conet.de/group/conet.nsf/flags/us.gif]
[www.conet.de/group/conet.nsf/cms_actions_sprites.png]
[www.conet.de/group/conet.nsf/spinner.gif]
[www.conet.de/group/conet.nsf/star.png]
[www.conet.de/group/conet.nsf/cms.css]
[www.conet.de/DE/online-bewerbung---praktikanten.html]
[www.conet.de/DE/online-bewerbung---praktikanten/group/conet.html]
[www.conet.de/DE/conet/veranstaltungen/2019/group/conet.html]
[www.conet.de/DE/loesungen/social-collaboration/group/conet.html]
[www.conet.de/DE/technologien/microsoft/office-365]
[www.conet.de/DE/loesungen/social-collaboration/whitepaper-digital-workplace.html]
[www.conet.de/DE/loesungen/software/collaboration-social-business/social-workplace/webinar-workflow-optimierung.html]
[www.conet.de/DE/loesungen/social-collaboration/referenz-steuerung-von-change-requests.html]
[www.conet.de/DE/loesungen/social-collaboration/referenz-digitale-recruiting-prozesse.html]
[www.conet.de/DE/loesungen/social-collaboration/praxisbericht-team-collaboration.html]
[www.conet.de/DE/loesungen/software/social-collaboration/digital-workplace.html]
[www.conet.de/DE/loesungen/software/collaboration/migration/group/conet.html]
[www.conet.de/DE/loesungen/sap/user-experience/booklet-7-todsuenden-ux.html]
[www.conet.de/DE/loesungen/sap/user-experience/presentation-ux-webinar.html]
[www.conet.de/DE/loesungen/software/social-collaboration/group/conet.html]
[www.conet.de/DE/karriere/arbeiten-bei-conet/conet-solutions-gmbh/praktikum-werkstudent-abschlussarbeit-swe/group/conet.html]
[www.conet.de/DE/karriere/stellenangebote/conet-technologies/ausbildung-fachinformatiker-systemintegration/group/conet.html]
[www.conet.de/DE/karriere/stellenangebote/conet-technologies/ausbildung-kaufleute-fuer-bueromanagement/group/conet.html]
[www.conet.de/DE/karriere/stellenangebote/conet-technologies/^(([^_/indexd41d.html]
[www.conet.de/DE/karriere/stellenangebote/conet-technologies/WebKit/index.html]
[www.conet.de/DE/karriere/stellenangebote/conet-technologies/Chrome/index.html]
[www.conet.de/DE/karriere/stellenangebote/conet-technologies/Version/index.html]
[www.conet.de/DE/karriere/stellenangebote/conet-technologies/Firefox/index.html]
[www.conet.de/DE/karriere/stellenangebote/conet-technologies/Minefield/index.html]
[www.conet.de/DE/karriere/stellenangebote/conet-technologies/GET.html]
[www.conet.de/domjava/xsp/theme/oneui/images/twistyOpen.html]
[www.conet.de/domjava/xsp/theme/oneui/images/iconProfiles.html]
[www.conet.de/domjava/xsp/theme/oneui/images/connectionsLogo.html]
[www.conet.de/domjava/xsp/theme/oneui/images/bookmarkThisButtonBgBottom.html]
[www.conet.de/domjava/xsp/theme/oneui/images/bookmarkThisButtonBgTop.html]
[www.conet.de/domjava/xsp/theme/oneui/images/welcomeBkgd.html]
[www.conet.de/domjava/xsp/theme/oneui/images/widgetButtonBkgd.html]
[www.conet.de/domjava/xsp/theme/oneui/images/widgetButtonDogear.html]
[www.conet.de/domjava/xsp/theme/oneui/images/widgetButtonProfiles.html]
[www.conet.de/domjava/xsp/theme/oneui/images/widgetButtonBlogs.html]
[www.conet.de/domjava/xsp/theme/oneui/images/widgetButtonCommunities.html]
[www.conet.de/domjava/xsp/theme/oneui/images/widgetButtonActivities.html]
[www.conet.de/domjava/xsp/theme/oneui/images/widgetButtonRSS.html]
[www.conet.de/domjava/xsp/theme/images/announceBkgd.html]
[www.conet.de/DE/loesungen/social-collaboration/whitepaper-digital-workplace.html]
[www.conet.de/DE/loesungen/social-collaboration/checkliste-prozesse-mit-sharepoint.html]
[www.conet.de/DE/loesungen/software/collaboration-social-business/social-workplace/group/conet.html]
[www.conet.de/DE/loesungen/software/collaboration-social-business/social-workplace/webinar-workflow-optimierung.html]
[www.conet.de/DE/loesungen/social-collaboration/referenz-steuerung-von-change-requests.html]
[www.conet.de/DE/loesungen/social-collaboration/referenz-digitale-recruiting-prozesse.html]
[www.conet.de/DE/loesungen/social-collaboration/praxisbericht-team-collaboration.html]
[www.conet.de/DE/loesungen/social-collaboration/checkliste-prozesse-mit-sharepoint.html]
[www.conet.de/DE/loesungen/software/collaboration-social-business/social-workplace/group/conet.html]
